../Drivers/BSP/Components/lsm6dsv16x/lsm6dsv16x.c:100:9:LSM6DSV16X_RegisterBusIO	24	static
../Drivers/BSP/Components/lsm6dsv16x/lsm6dsv16x.c:163:9:LSM6DSV16X_Init	24	static
../Drivers/BSP/Components/lsm6dsv16x/lsm6dsv16x.c:239:9:LSM6DSV16X_DeInit	24	static
../Drivers/BSP/Components/lsm6dsv16x/lsm6dsv16x.c:276:9:LSM6DSV16X_ReadID	16	static
../Drivers/BSP/Components/lsm6dsv16x/lsm6dsv16x.c:292:9:LSM6DSV16X_GetCapabilities	16	static
../Drivers/BSP/Components/lsm6dsv16x/lsm6dsv16x.c:315:9:LSM6DSV16X_ACC_Enable	16	static
../Drivers/BSP/Components/lsm6dsv16x/lsm6dsv16x.c:339:9:LSM6DSV16X_ACC_Disable	16	static
../Drivers/BSP/Components/lsm6dsv16x/lsm6dsv16x.c:370:9:LSM6DSV16X_ACC_GetSensitivity	24	static
../Drivers/BSP/Components/lsm6dsv16x/lsm6dsv16x.c:414:9:LSM6DSV16X_ACC_GetOutputDataRate	24	static
../Drivers/BSP/Components/lsm6dsv16x/lsm6dsv16x.c:573:9:LSM6DSV16X_ACC_SetOutputDataRate	16	static
../Drivers/BSP/Components/lsm6dsv16x/lsm6dsv16x.c:593:9:LSM6DSV16X_ACC_SetOutputDataRate_With_Mode	24	static
../Drivers/BSP/Components/lsm6dsv16x/lsm6dsv16x.c:694:9:LSM6DSV16X_ACC_GetFullScale	24	static
../Drivers/BSP/Components/lsm6dsv16x/lsm6dsv16x.c:737:9:LSM6DSV16X_ACC_SetFullScale	24	static
../Drivers/BSP/Components/lsm6dsv16x/lsm6dsv16x.c:762:9:LSM6DSV16X_ACC_GetAxesRaw	24	static
../Drivers/BSP/Components/lsm6dsv16x/lsm6dsv16x.c:786:9:LSM6DSV16X_ACC_GetAxes	32	static
../Drivers/BSP/Components/lsm6dsv16x/lsm6dsv16x.c:817:9:LSM6DSV16X_ACC_Get_Event_Status	56	static
../Drivers/BSP/Components/lsm6dsv16x/lsm6dsv16x.c:958:9:LSM6DSV16X_ACC_Enable_Free_Fall_Detection	32	static
../Drivers/BSP/Components/lsm6dsv16x/lsm6dsv16x.c:1057:9:LSM6DSV16X_ACC_Disable_Free_Fall_Detection	24	static
../Drivers/BSP/Components/lsm6dsv16x/lsm6dsv16x.c:1108:9:LSM6DSV16X_ACC_Set_Free_Fall_Threshold	24	static
../Drivers/BSP/Components/lsm6dsv16x/lsm6dsv16x.c:1165:9:LSM6DSV16X_ACC_Set_Free_Fall_Duration	16	static
../Drivers/BSP/Components/lsm6dsv16x/lsm6dsv16x.c:1181:9:LSM6DSV16X_ACC_Enable_Tilt_Detection	40	static
../Drivers/BSP/Components/lsm6dsv16x/lsm6dsv16x.c:1325:9:LSM6DSV16X_ACC_Disable_Tilt_Detection	40	static
../Drivers/BSP/Components/lsm6dsv16x/lsm6dsv16x.c:1419:9:LSM6DSV16X_ACC_Enable_Pedometer	40	static
../Drivers/BSP/Components/lsm6dsv16x/lsm6dsv16x.c:1549:9:LSM6DSV16X_ACC_Disable_Pedometer	40	static
../Drivers/BSP/Components/lsm6dsv16x/lsm6dsv16x.c:1648:9:LSM6DSV16X_ACC_Get_Step_Count	16	static
../Drivers/BSP/Components/lsm6dsv16x/lsm6dsv16x.c:1663:9:LSM6DSV16X_ACC_Step_Counter_Reset	16	static
../Drivers/BSP/Components/lsm6dsv16x/lsm6dsv16x.c:1680:9:LSM6DSV16X_ACC_Enable_Wake_Up_Detection	32	static
../Drivers/BSP/Components/lsm6dsv16x/lsm6dsv16x.c:1779:9:LSM6DSV16X_ACC_Disable_Wake_Up_Detection	24	static
../Drivers/BSP/Components/lsm6dsv16x/lsm6dsv16x.c:1830:9:LSM6DSV16X_ACC_Set_Wake_Up_Threshold	24	static
../Drivers/BSP/Components/lsm6dsv16x/lsm6dsv16x.c:1855:9:LSM6DSV16X_ACC_Set_Wake_Up_Duration	24	static
../Drivers/BSP/Components/lsm6dsv16x/lsm6dsv16x.c:1880:9:LSM6DSV16X_ACC_Enable_Single_Tap_Detection	48	static
../Drivers/BSP/Components/lsm6dsv16x/lsm6dsv16x.c:2017:9:LSM6DSV16X_ACC_Disable_Single_Tap_Detection	40	static
../Drivers/BSP/Components/lsm6dsv16x/lsm6dsv16x.c:2101:9:LSM6DSV16X_ACC_Enable_Double_Tap_Detection	48	static
../Drivers/BSP/Components/lsm6dsv16x/lsm6dsv16x.c:2240:9:LSM6DSV16X_ACC_Disable_Double_Tap_Detection	40	static
../Drivers/BSP/Components/lsm6dsv16x/lsm6dsv16x.c:2331:9:LSM6DSV16X_ACC_Set_Tap_Threshold	24	static
../Drivers/BSP/Components/lsm6dsv16x/lsm6dsv16x.c:2357:9:LSM6DSV16X_ACC_Set_Tap_Shock_Time	24	static
../Drivers/BSP/Components/lsm6dsv16x/lsm6dsv16x.c:2382:9:LSM6DSV16X_ACC_Set_Tap_Quiet_Time	24	static
../Drivers/BSP/Components/lsm6dsv16x/lsm6dsv16x.c:2409:9:LSM6DSV16X_ACC_Set_Tap_Duration_Time	24	static
../Drivers/BSP/Components/lsm6dsv16x/lsm6dsv16x.c:2435:9:LSM6DSV16X_ACC_Enable_6D_Orientation	32	static
../Drivers/BSP/Components/lsm6dsv16x/lsm6dsv16x.c:2530:9:LSM6DSV16X_ACC_Disable_6D_Orientation	24	static
../Drivers/BSP/Components/lsm6dsv16x/lsm6dsv16x.c:2575:9:LSM6DSV16X_ACC_Set_6D_Orientation_Threshold	24	static
../Drivers/BSP/Components/lsm6dsv16x/lsm6dsv16x.c:2619:9:LSM6DSV16X_ACC_Get_6D_Orientation_XL	24	static
../Drivers/BSP/Components/lsm6dsv16x/lsm6dsv16x.c:2639:9:LSM6DSV16X_ACC_Get_6D_Orientation_XH	24	static
../Drivers/BSP/Components/lsm6dsv16x/lsm6dsv16x.c:2659:9:LSM6DSV16X_ACC_Get_6D_Orientation_YL	24	static
../Drivers/BSP/Components/lsm6dsv16x/lsm6dsv16x.c:2679:9:LSM6DSV16X_ACC_Get_6D_Orientation_YH	24	static
../Drivers/BSP/Components/lsm6dsv16x/lsm6dsv16x.c:2699:9:LSM6DSV16X_ACC_Get_6D_Orientation_ZL	24	static
../Drivers/BSP/Components/lsm6dsv16x/lsm6dsv16x.c:2719:9:LSM6DSV16X_ACC_Get_6D_Orientation_ZH	24	static
../Drivers/BSP/Components/lsm6dsv16x/lsm6dsv16x.c:2740:9:LSM6DSV16X_FIFO_Get_Num_Samples	24	static
../Drivers/BSP/Components/lsm6dsv16x/lsm6dsv16x.c:2761:9:LSM6DSV16X_FIFO_Get_Full_Status	24	static
../Drivers/BSP/Components/lsm6dsv16x/lsm6dsv16x.c:2781:9:LSM6DSV16X_FIFO_Set_INT1_FIFO_Full	24	static
../Drivers/BSP/Components/lsm6dsv16x/lsm6dsv16x.c:2806:9:LSM6DSV16X_FIFO_Set_INT2_FIFO_Full	24	static
../Drivers/BSP/Components/lsm6dsv16x/lsm6dsv16x.c:2831:9:LSM6DSV16X_FIFO_Set_Watermark_Level	16	static
../Drivers/BSP/Components/lsm6dsv16x/lsm6dsv16x.c:2847:9:LSM6DSV16X_FIFO_Set_Stop_On_Fth	16	static
../Drivers/BSP/Components/lsm6dsv16x/lsm6dsv16x.c:2863:9:LSM6DSV16X_FIFO_Set_Mode	24	static
../Drivers/BSP/Components/lsm6dsv16x/lsm6dsv16x.c:2912:9:LSM6DSV16X_FIFO_Get_Tag	24	static
../Drivers/BSP/Components/lsm6dsv16x/lsm6dsv16x.c:2932:9:LSM6DSV16X_FIFO_Get_Data	16	static
../Drivers/BSP/Components/lsm6dsv16x/lsm6dsv16x.c:2948:9:LSM6DSV16X_FIFO_ACC_Get_Axes	40	static
../Drivers/BSP/Components/lsm6dsv16x/lsm6dsv16x.c:2980:9:LSM6DSV16X_FIFO_ACC_Set_BDR	24	static
../Drivers/BSP/Components/lsm6dsv16x/lsm6dsv16x.c:3012:9:LSM6DSV16X_FIFO_GYRO_Get_Axes	40	static
../Drivers/BSP/Components/lsm6dsv16x/lsm6dsv16x.c:3045:9:LSM6DSV16X_FIFO_GYRO_Set_BDR	24	static
../Drivers/BSP/Components/lsm6dsv16x/lsm6dsv16x.c:3076:9:LSM6DSV16X_GYRO_Enable	16	static
../Drivers/BSP/Components/lsm6dsv16x/lsm6dsv16x.c:3100:9:LSM6DSV16X_GYRO_Disable	16	static
../Drivers/BSP/Components/lsm6dsv16x/lsm6dsv16x.c:3131:9:LSM6DSV16X_GYRO_GetSensitivity	24	static
../Drivers/BSP/Components/lsm6dsv16x/lsm6dsv16x.c:3183:9:LSM6DSV16X_GYRO_GetOutputDataRate	24	static
../Drivers/BSP/Components/lsm6dsv16x/lsm6dsv16x.c:3342:9:LSM6DSV16X_GYRO_SetOutputDataRate	16	static
../Drivers/BSP/Components/lsm6dsv16x/lsm6dsv16x.c:3361:9:LSM6DSV16X_GYRO_SetOutputDataRate_With_Mode	24	static
../Drivers/BSP/Components/lsm6dsv16x/lsm6dsv16x.c:3420:9:LSM6DSV16X_GYRO_GetFullScale	24	static
../Drivers/BSP/Components/lsm6dsv16x/lsm6dsv16x.c:3471:9:LSM6DSV16X_GYRO_SetFullScale	24	static
../Drivers/BSP/Components/lsm6dsv16x/lsm6dsv16x.c:3496:9:LSM6DSV16X_GYRO_GetAxesRaw	24	static
../Drivers/BSP/Components/lsm6dsv16x/lsm6dsv16x.c:3520:9:LSM6DSV16X_GYRO_GetAxes	32	static
../Drivers/BSP/Components/lsm6dsv16x/lsm6dsv16x.c:3552:9:LSM6DSV16X_Read_Reg	24	static
../Drivers/BSP/Components/lsm6dsv16x/lsm6dsv16x.c:3569:9:LSM6DSV16X_Write_Reg	16	static
../Drivers/BSP/Components/lsm6dsv16x/lsm6dsv16x.c:3585:9:LSM6DSV16X_ACC_Get_DRDY_Status	24	static
../Drivers/BSP/Components/lsm6dsv16x/lsm6dsv16x.c:3604:9:LSM6DSV16X_GYRO_Get_DRDY_Status	24	static
../Drivers/BSP/Components/lsm6dsv16x/lsm6dsv16x.c:3623:9:LSM6DSV16X_ACC_Set_Power_Mode	16	static
../Drivers/BSP/Components/lsm6dsv16x/lsm6dsv16x.c:3639:9:LSM6DSV16X_GYRO_Set_Power_Mode	16	static
../Drivers/BSP/Components/lsm6dsv16x/lsm6dsv16x.c:3656:9:LSM6DSV16X_ACC_Set_Filter_Mode	16	static
../Drivers/BSP/Components/lsm6dsv16x/lsm6dsv16x.c:3692:9:LSM6DSV16X_GYRO_Set_Filter_Mode	16	static
../Drivers/BSP/Components/lsm6dsv16x/lsm6dsv16x.c:3727:9:LSM6DSV16X_QVAR_GetData	16	static
../Drivers/BSP/Components/lsm6dsv16x/lsm6dsv16x.c:3743:9:LSM6DSV16X_QVAR_GetDRDY	24	static
../Drivers/BSP/Components/lsm6dsv16x/lsm6dsv16x.c:3765:9:LSM6DSV16X_QVAR_GetZIn	24	static
../Drivers/BSP/Components/lsm6dsv16x/lsm6dsv16x.c:3808:9:LSM6DSV16X_QVAR_SetZIn	24	static
../Drivers/BSP/Components/lsm6dsv16x/lsm6dsv16x.c:3830:9:LSM6DSV16X_ACC_Enable_DRDY_On_INT1	24	static
../Drivers/BSP/Components/lsm6dsv16x/lsm6dsv16x.c:3854:9:LSM6DSV16X_ACC_Disable_DRDY_On_INT1	24	static
../Drivers/BSP/Components/lsm6dsv16x/lsm6dsv16x.c:3877:9:LSM6DSV16X_GYRO_Enable_DRDY_On_INT2	24	static
../Drivers/BSP/Components/lsm6dsv16x/lsm6dsv16x.c:3901:9:LSM6DSV16X_GYRO_Disable_DRDY_On_INT2	24	static
../Drivers/BSP/Components/lsm6dsv16x/lsm6dsv16x.c:3925:9:LSM6DSV16X_DRDY_Set_Mode	24	static
../Drivers/BSP/Components/lsm6dsv16x/lsm6dsv16x.c:3964:9:LSM6DSV16X_Set_Mem_Bank	24	static
../Drivers/BSP/Components/lsm6dsv16x/lsm6dsv16x.c:3995:16:LSM6DSV16X_ACC_SetOutputDataRate_When_Enabled	24	static
../Drivers/BSP/Components/lsm6dsv16x/lsm6dsv16x.c:4027:16:LSM6DSV16X_ACC_SetOutputDataRate_When_Disabled	16	static
../Drivers/BSP/Components/lsm6dsv16x/lsm6dsv16x.c:4051:16:LSM6DSV16X_GYRO_SetOutputDataRate_When_Enabled	24	static
../Drivers/BSP/Components/lsm6dsv16x/lsm6dsv16x.c:4082:16:LSM6DSV16X_GYRO_SetOutputDataRate_When_Disabled	16	static
../Drivers/BSP/Components/lsm6dsv16x/lsm6dsv16x.c:4107:16:ReadRegWrap	40	static
../Drivers/BSP/Components/lsm6dsv16x/lsm6dsv16x.c:4122:16:WriteRegWrap	40	static
