../Drivers/BSP/STEVAL-MKBOXPRO/steval_mkboxpro_bus.c:89:9:BSP_SPI2_Init	16	static
../Drivers/BSP/STEVAL-MKBOXPRO/steval_mkboxpro_bus.c:130:9:BSP_SPI2_DeInit	16	static
../Drivers/BSP/STEVAL-MKBOXPRO/steval_mkboxpro_bus.c:156:9:BSP_SPI2_Send	24	static
../Drivers/BSP/STEVAL-MKBOXPRO/steval_mkboxpro_bus.c:173:10:BSP_SPI2_Recv	24	static
../Drivers/BSP/STEVAL-MKBOXPRO/steval_mkboxpro_bus.c:190:9:BSP_SPI2_SendRecv	40	static
../Drivers/BSP/STEVAL-MKBOXPRO/steval_mkboxpro_bus.c:259:9:BSP_GetTick	8	static
../Drivers/BSP/STEVAL-MKBOXPRO/steval_mkboxpro_bus.c:265:26:MX_SPI2_Init	32	static
../Drivers/BSP/STEVAL-MKBOXPRO/steval_mkboxpro_bus.c:308:13:SPI2_MspInit	248	static
../Drivers/BSP/STEVAL-MKBOXPRO/steval_mkboxpro_bus.c:357:13:SPI2_MspDeInit	16	static
