Archive member included to satisfy reference by file (symbol)

/Applications/STM32CubeIDE.app/Contents/Eclipse/plugins/com.st.stm32cube.ide.mcu.externaltools.gnu-tools-for-stm32.12.3.rel1.macos64_1.0.200.202406191456/tools/bin/../lib/gcc/arm-none-eabi/12.3.1/../../../../arm-none-eabi/lib/thumb/v8-m.main+fp/hard/libc_nano.a(libc_a-exit.o)
                              /Applications/STM32CubeIDE.app/Contents/Eclipse/plugins/com.st.stm32cube.ide.mcu.externaltools.gnu-tools-for-stm32.12.3.rel1.macos64_1.0.200.202406191456/tools/bin/../lib/gcc/arm-none-eabi/12.3.1/../../../../arm-none-eabi/lib/thumb/v8-m.main+fp/hard/crt0.o (exit)
/Applications/STM32CubeIDE.app/Contents/Eclipse/plugins/com.st.stm32cube.ide.mcu.externaltools.gnu-tools-for-stm32.12.3.rel1.macos64_1.0.200.202406191456/tools/bin/../lib/gcc/arm-none-eabi/12.3.1/../../../../arm-none-eabi/lib/thumb/v8-m.main+fp/hard/libc_nano.a(libc_a-snprintf.o)
                              ./Core/Src/firmware.o (snprintf)
/Applications/STM32CubeIDE.app/Contents/Eclipse/plugins/com.st.stm32cube.ide.mcu.externaltools.gnu-tools-for-stm32.12.3.rel1.macos64_1.0.200.202406191456/tools/bin/../lib/gcc/arm-none-eabi/12.3.1/../../../../arm-none-eabi/lib/thumb/v8-m.main+fp/hard/libc_nano.a(libc_a-findfp.o)
                              /Applications/STM32CubeIDE.app/Contents/Eclipse/plugins/com.st.stm32cube.ide.mcu.externaltools.gnu-tools-for-stm32.12.3.rel1.macos64_1.0.200.202406191456/tools/bin/../lib/gcc/arm-none-eabi/12.3.1/../../../../arm-none-eabi/lib/thumb/v8-m.main+fp/hard/libc_nano.a(libc_a-exit.o) (__stdio_exit_handler)
/Applications/STM32CubeIDE.app/Contents/Eclipse/plugins/com.st.stm32cube.ide.mcu.externaltools.gnu-tools-for-stm32.12.3.rel1.macos64_1.0.200.202406191456/tools/bin/../lib/gcc/arm-none-eabi/12.3.1/../../../../arm-none-eabi/lib/thumb/v8-m.main+fp/hard/libc_nano.a(libc_a-fwalk.o)
                              /Applications/STM32CubeIDE.app/Contents/Eclipse/plugins/com.st.stm32cube.ide.mcu.externaltools.gnu-tools-for-stm32.12.3.rel1.macos64_1.0.200.202406191456/tools/bin/../lib/gcc/arm-none-eabi/12.3.1/../../../../arm-none-eabi/lib/thumb/v8-m.main+fp/hard/libc_nano.a(libc_a-findfp.o) (_fwalk_sglue)
/Applications/STM32CubeIDE.app/Contents/Eclipse/plugins/com.st.stm32cube.ide.mcu.externaltools.gnu-tools-for-stm32.12.3.rel1.macos64_1.0.200.202406191456/tools/bin/../lib/gcc/arm-none-eabi/12.3.1/../../../../arm-none-eabi/lib/thumb/v8-m.main+fp/hard/libc_nano.a(libc_a-puts.o)
                              ./Core/Src/firmware.o (puts)
/Applications/STM32CubeIDE.app/Contents/Eclipse/plugins/com.st.stm32cube.ide.mcu.externaltools.gnu-tools-for-stm32.12.3.rel1.macos64_1.0.200.202406191456/tools/bin/../lib/gcc/arm-none-eabi/12.3.1/../../../../arm-none-eabi/lib/thumb/v8-m.main+fp/hard/libc_nano.a(libc_a-memset.o)
                              /Applications/STM32CubeIDE.app/Contents/Eclipse/plugins/com.st.stm32cube.ide.mcu.externaltools.gnu-tools-for-stm32.12.3.rel1.macos64_1.0.200.202406191456/tools/bin/../lib/gcc/arm-none-eabi/12.3.1/../../../../arm-none-eabi/lib/thumb/v8-m.main+fp/hard/crt0.o (memset)
/Applications/STM32CubeIDE.app/Contents/Eclipse/plugins/com.st.stm32cube.ide.mcu.externaltools.gnu-tools-for-stm32.12.3.rel1.macos64_1.0.200.202406191456/tools/bin/../lib/gcc/arm-none-eabi/12.3.1/../../../../arm-none-eabi/lib/thumb/v8-m.main+fp/hard/libc_nano.a(libc_a-impure.o)
                              /Applications/STM32CubeIDE.app/Contents/Eclipse/plugins/com.st.stm32cube.ide.mcu.externaltools.gnu-tools-for-stm32.12.3.rel1.macos64_1.0.200.202406191456/tools/bin/../lib/gcc/arm-none-eabi/12.3.1/../../../../arm-none-eabi/lib/thumb/v8-m.main+fp/hard/libc_nano.a(libc_a-snprintf.o) (_impure_ptr)
/Applications/STM32CubeIDE.app/Contents/Eclipse/plugins/com.st.stm32cube.ide.mcu.externaltools.gnu-tools-for-stm32.12.3.rel1.macos64_1.0.200.202406191456/tools/bin/../lib/gcc/arm-none-eabi/12.3.1/../../../../arm-none-eabi/lib/thumb/v8-m.main+fp/hard/libc_nano.a(libc_a-errno.o)
                              ./Core/Src/syscalls.o (__errno)
/Applications/STM32CubeIDE.app/Contents/Eclipse/plugins/com.st.stm32cube.ide.mcu.externaltools.gnu-tools-for-stm32.12.3.rel1.macos64_1.0.200.202406191456/tools/bin/../lib/gcc/arm-none-eabi/12.3.1/../../../../arm-none-eabi/lib/thumb/v8-m.main+fp/hard/libc_nano.a(libc_a-init.o)
                              /Applications/STM32CubeIDE.app/Contents/Eclipse/plugins/com.st.stm32cube.ide.mcu.externaltools.gnu-tools-for-stm32.12.3.rel1.macos64_1.0.200.202406191456/tools/bin/../lib/gcc/arm-none-eabi/12.3.1/../../../../arm-none-eabi/lib/thumb/v8-m.main+fp/hard/crt0.o (__libc_init_array)
/Applications/STM32CubeIDE.app/Contents/Eclipse/plugins/com.st.stm32cube.ide.mcu.externaltools.gnu-tools-for-stm32.12.3.rel1.macos64_1.0.200.202406191456/tools/bin/../lib/gcc/arm-none-eabi/12.3.1/../../../../arm-none-eabi/lib/thumb/v8-m.main+fp/hard/libc_nano.a(libc_a-lock.o)
[...]
Memory Configuration

Name             Origin             Length             Attributes
RAM              0x20000000         0x000c0000         xrw
SRAM4            0x28000000         0x00004000         xrw
FLASH            0x08000000         0x00200000         xr
*default*        0x00000000         0xffffffff

Linker script and memory map

LOAD /Applications/STM32CubeIDE.app/Contents/Eclipse/plugins/com.st.stm32cube.ide.mcu.externaltools.gnu-tools-for-stm32.12.3.rel1.macos64_1.0.200.202406191456/tools/bin/../lib/gcc/arm-none-eabi/12.3.1/thumb/v8-m.main+fp/hard/crti.o
LOAD /Applications/STM32CubeIDE.app/Contents/Eclipse/plugins/com.st.stm32cube.ide.mcu.externaltools.gnu-tools-for-stm32.12.3.rel1.macos64_1.0.200.202406191456/tools/bin/../lib/gcc/arm-none-eabi/12.3.1/thumb/v8-m.main+fp/hard/crtbegin.o
LOAD /Applications/STM32CubeIDE.app/Contents/Eclipse/plugins/com.st.stm32cube.ide.mcu.externaltools.gnu-tools-for-stm32.12.3.rel1.macos64_1.0.200.202406191456/tools/bin/../lib/gcc/arm-none-eabi/12.3.1/../../../../arm-none-eabi/lib/thumb/v8-m.main+fp/hard/crt0.o
LOAD ./Core/Src/firmware.o
LOAD ./Core/Src/main.o
LOAD ./Core/Src/ssm_smart_sensor_mlc.o
LOAD ./Core/Src/stm32u5xx_hal_msp.o
LOAD ./Core/Src/stm32u5xx_it.o
LOAD ./Core/Src/syscalls.o
LOAD ./Core/Src/sysmem.o
LOAD ./Core/Src/system_stm32u5xx.o
LOAD ./Core/Startup/startup_stm32u585aiixq.o
LOAD ./Drivers/BSP/Components/lsm6dsv16x/lsm6dsv16x.o
LOAD ./Drivers/BSP/Components/lsm6dsv16x/lsm6dsv16x_reg.o
LOAD ./Drivers/BSP/STEVAL-MKBOXPRO/steval_mkboxpro_bus.o
LOAD ./Drivers/STM32U5xx_HAL_Driver/Src/stm32u5xx_hal.o
LOAD ./Drivers/STM32U5xx_HAL_Driver/Src/stm32u5xx_hal_cortex.o
LOAD ./Drivers/STM32U5xx_HAL_Driver/Src/stm32u5xx_hal_crc.o
LOAD ./Drivers/STM32U5xx_HAL_Driver/Src/stm32u5xx_hal_crc_ex.o
LOAD ./Drivers/STM32U5xx_HAL_Driver/Src/stm32u5xx_hal_dma.o
LOAD ./Drivers/STM32U5xx_HAL_Driver/Src/stm32u5xx_hal_dma_ex.o
LOAD ./Drivers/STM32U5xx_HAL_Driver/Src/stm32u5xx_hal_exti.o
LOAD ./Drivers/STM32U5xx_HAL_Driver/Src/stm32u5xx_hal_flash.o
LOAD ./Drivers/STM32U5xx_HAL_Driver/Src/stm32u5xx_hal_flash_ex.o
LOAD ./Drivers/STM32U5xx_HAL_Driver/Src/stm32u5xx_hal_gpio.o
LOAD ./Drivers/STM32U5xx_HAL_Driver/Src/stm32u5xx_hal_gtzc.o
LOAD ./Drivers/STM32U5xx_HAL_Driver/Src/stm32u5xx_hal_i2c.o
LOAD ./Drivers/STM32U5xx_HAL_Driver/Src/stm32u5xx_hal_i2c_ex.o
LOAD ./Drivers/STM32U5xx_HAL_Driver/Src/stm32u5xx_hal_icache.o
LOAD ./Drivers/STM32U5xx_HAL_Driver/Src/stm32u5xx_hal_pwr.o
LOAD ./Drivers/STM32U5xx_HAL_Driver/Src/stm32u5xx_hal_pwr_ex.o
LOAD ./Drivers/STM32U5xx_HAL_Driver/Src/stm32u5xx_hal_rcc.o
LOAD ./Drivers/STM32U5xx_HAL_Driver/Src/stm32u5xx_hal_rcc_ex.o
LOAD ./Drivers/STM32U5xx_HAL_Driver/Src/stm32u5xx_hal_spi.o
LOAD ./Drivers/STM32U5xx_HAL_Driver/Src/stm32u5xx_hal_spi_ex.o
LOAD ./Drivers/STM32U5xx_HAL_Driver/Src/stm32u5xx_hal_tim.o
LOAD ./Drivers/STM32U5xx_HAL_Driver/Src/stm32u5xx_hal_tim_ex.o
LOAD ./Drivers/STM32U5xx_HAL_Driver/Src/stm32u5xx_hal_uart.o
LOAD ./Drivers/STM32U5xx_HAL_Driver/Src/stm32u5xx_hal_uart_ex.o
LOAD ./X-CUBE-MEMS1/Target/custom_motion_sensors.o
LOAD ./X-CUBE-MEMS1/Target/custom_motion_sensors_ex.o
START GROUP
LOAD /Applications/STM32CubeIDE.app/Contents/Eclipse/plugins/com.st.stm32cube.ide.mcu.externaltools.gnu-tools-for-stm32.12.3.rel1.macos64_1.0.200.202406191456/tools/bin/../lib/gcc/arm-none-eabi/12.3.1/../../../../arm-none-eabi/lib/thumb/v8-m.main+fp/hard/libc_nano.a
LOAD /Applications/STM32CubeIDE.app/Contents/Eclipse/plugins/com.st.stm32cube.ide.mcu.externaltools.gnu-tools-for-stm32.12.3.rel1.macos64_1.0.200.202406191456/tools/bin/../lib/gcc/arm-none-eabi/12.3.1/../../../../arm-none-eabi/lib/thumb/v8-m.main+fp/hard/libm.a
END GROUP
START GROUP
LOAD /Applications/STM32CubeIDE.app/Contents/Eclipse/plugins/com.st.stm32cube.ide.mcu.externaltools.gnu-tools-for-stm32.12.3.rel1.macos64_1.0.200.202406191456/tools/bin/../lib/gcc/arm-none-eabi/12.3.1/thumb/v8-m.main+fp/hard/libgcc.a
LOAD /Applications/STM32CubeIDE.app/Contents/Eclipse/plugins/com.st.stm32cube.ide.mcu.externaltools.gnu-tools-for-stm32.12.3.rel1.macos64_1.0.200.202406191456/tools/bin/../lib/gcc/arm-none-eabi/12.3.1/../../../../arm-none-eabi/lib/thumb/v8-m.main+fp/hard/libc_nano.a
END GROUP
START GROUP
LOAD /Applications/STM32CubeIDE.app/Contents/Eclipse/plugins/com.st.stm32cube.ide.mcu.externaltools.gnu-tools-for-stm32.12.3.rel1.macos64_1.0.200.202406191456/tools/bin/../lib/gcc/arm-none-eabi/12.3.1/thumb/v8-m.main+fp/hard/libgcc.a
LOAD /Applications/STM32CubeIDE.app/Contents/Eclipse/plugins/com.st.stm32cube.ide.mcu.externaltools.gnu-tools-for-stm32.12.3.rel1.macos64_1.0.200.202406191456/tools/bin/../lib/gcc/arm-none-eabi/12.3.1/../../../../arm-none-eabi/lib/thumb/v8-m.main+fp/hard/libc_nano.a
LOAD /Applications/STM32CubeIDE.app/Contents/Eclipse/plugins/com.st.stm32cube.ide.mcu.externaltools.gnu-tools-for-stm32.12.3.rel1.macos64_1.0.200.202406191456/tools/bin/../lib/gcc/arm-none-eabi/12.3.1/../../../../arm-none-eabi/lib/thumb/v8-m.main+fp/hard/libnosys.a
END GROUP
START GROUP
LOAD /Applications/STM32CubeIDE.app/Contents/Eclipse/plugins/com.st.stm32cube.ide.mcu.externaltools.gnu-tools-for-stm32.12.3.rel1.macos64_1.0.200.202406191456/tools/bin/../lib/gcc/arm-none-eabi/12.3.1/thumb/v8-m.main+fp/hard/libgcc.a
LOAD /Applications/STM32CubeIDE.app/Contents/Eclipse/plugins/com.st.stm32cube.ide.mcu.externaltools.gnu-tools-for-stm32.12.3.rel1.macos64_1.0.200.202406191456/tools/bin/../lib/gcc/arm-none-eabi/12.3.1/../../../../arm-none-eabi/lib/thumb/v8-m.main+fp/hard/libc_nano.a
LOAD /Applications/STM32CubeIDE.app/Contents/Eclipse/plugins/com.st.stm32cube.ide.mcu.externaltools.gnu-tools-for-stm32.12.3.rel1.macos64_1.0.200.202406191456/tools/bin/../lib/gcc/arm-none-eabi/12.3.1/../../../../arm-none-eabi/lib/thumb/v8-m.main+fp/hard/libnosys.a
END GROUP
LOAD /Applications/STM32CubeIDE.app/Contents/Eclipse/plugins/com.st.stm32cube.ide.mcu.externaltools.gnu-tools-for-stm32.12.3.rel1.macos64_1.0.200.202406191456/tools/bin/../lib/gcc/arm-none-eabi/12.3.1/thumb/v8-m.main+fp/hard/crtend.o
LOAD /Applications/STM32CubeIDE.app/Contents/Eclipse/plugins/com.st.stm32cube.ide.mcu.externaltools.gnu-tools-for-stm32.12.3.rel1.macos64_1.0.200.202406191456/tools/bin/../lib/gcc/arm-none-eabi/12.3.1/thumb/v8-m.main+fp/hard/crtn.o
                0x200c0000                        _estack = (ORIGIN (RAM) + LENGTH (RAM))
                0x00000200                        _Min_Heap_Size = 0x200
                0x00000400                        _Min_Stack_Size = 0x400

.isr_vector     0x08000000      0x238
 *(.isr_vector)
 .isr_vector    0x08000000      0x238 ./Core/Startup/startup_stm32u585aiixq.o
                0x08000000                g_pfnVectors

.text           0x08000238     0xa030
 *(.text)
 .text          0x08000238       0x40 /Applications/STM32CubeIDE.app/Contents/Eclipse/plugins/com.st.stm32cube.ide.mcu.externaltools.gnu-tools-for-stm32.12.3.rel1.macos64_1.0.200.202406191456/tools/bin/../lib/gcc/arm-none-eabi/12.3.1/thumb/v8-m.main+fp/hard/crtbegin.o
 .text          0x08000278       0x10 /Applications/STM32CubeIDE.app/Contents/Eclipse/plugins/com.st.stm32cube.ide.mcu.externaltools.gnu-tools-for-stm32.12.3.rel1.macos64_1.0.200.202406191456/tools/bin/../lib/gcc/arm-none-eabi/12.3.1/../../../../arm-none-eabi/lib/thumb/v8-m.main+fp/hard/libc_nano.a(libc_a-strlen.o)
                0x08000278                strlen
 .text          0x08000288       0x30 /Applications/STM32CubeIDE.app/Contents/Eclipse/plugins/com.st.stm32cube.ide.mcu.externaltools.gnu-tools-for-stm32.12.3.rel1.macos64_1.0.200.202406191456/tools/bin/../lib/gcc/arm-none-eabi/12.3.1/thumb/v8-m.main+fp/hard/libgcc.a(_aeabi_uldivmod.o)
                0x08000288                __aeabi_uldivmod
 .text          0x080002b8      0x2e4 /Applications/STM32CubeIDE.app/Contents/Eclipse/plugins/com.st.stm32cube.ide.mcu.externaltools.gnu-tools-for-stm32.12.3.rel1.macos64_1.0.200.202406191456/tools/bin/../lib/gcc/arm-none-eabi/12.3.1/thumb/v8-m.main+fp/hard/libgcc.a(_udivmoddi4.o)
                0x080002b8                __udivmoddi4
 .text          0x0800059c        0x4 /Applications/STM32CubeIDE.app/Contents/Eclipse/plugins/com.st.stm32cube.ide.mcu.externaltools.gnu-tools-for-stm32.12.3.rel1.macos64_1.0.200.202406191456/tools/bin/../lib/gcc/arm-none-eabi/12.3.1/thumb/v8-m.main+fp/hard/libgcc.a(_dvmd_tls.o)
                0x0800059c                __aeabi_ldiv0
                0x0800059c                __aeabi_idiv0
 *(.text*)
 .text.UART_Debug_Print
                0x080005a0       0x2c ./Core/Src/firmware.o
                0x080005a0                UART_Debug_Print
 .text.MX_ssm_Init
                0x080005cc       0x60 ./Core/Src/firmware.o
                0x080005cc                MX_ssm_Init
 .text.__io_putchar
                0x0800062c       0x24 ./Core/Src/firmware.o
                0x0800062c                __io_putchar
 .text.main     0x08000650       0x24 ./Core/Src/main.o
                0x08000650                main
 .text.SystemClock_Config
                0x08000674       0xb8 ./Core/Src/main.o
                0x08000674                SystemClock_Config
 .text.MX_CRC_Init
                0x0800072c       0x44 ./Core/Src/main.o
 .text.MX_ICACHE_Init
                0x08000770       0x16 ./Core/Src/main.o
 *fill*         0x08000786        0x2 
 .text.MX_UART4_Init
                0x08000788       0x98 ./Core/Src/main.o
 .text.MX_GPIO_Init
                0x08000820      0x15c ./Core/Src/main.o
 .text.Error_Handler
                0x0800097c       0x1c ./Core/Src/main.o
                0x0800097c                Error_Handler
 .text.ssm_smart_sensor_mlc_init
                0x08000998       0x30 ./Core/Src/ssm_smart_sensor_mlc.o
                0x08000998                ssm_smart_sensor_mlc_init
 .text.ssm_smart_sensor_mlc_configure_ucf
                0x080009c8       0x58 ./Core/Src/ssm_smart_sensor_mlc.o
                0x080009c8                ssm_smart_sensor_mlc_configure_ucf
 .text.HAL_MspInit
                0x08000a20       0x34 ./Core/Src/stm32u5xx_hal_msp.o
                0x08000a20                HAL_MspInit
 .text.HAL_CRC_MspInit
                0x08000a54       0x44 ./Core/Src/stm32u5xx_hal_msp.o
                0x08000a54                HAL_CRC_MspInit
 .text.HAL_UART_MspInit
                0x08000a98       0xd0 ./Core/Src/stm32u5xx_hal_msp.o
                0x08000a98                HAL_UART_MspInit
 .text.NMI_Handler
                0x08000b68        0x8 ./Core/Src/stm32u5xx_it.o
                0x08000b68                NMI_Handler
 .text.HardFault_Handler
                0x08000b70        0x8 ./Core/Src/stm32u5xx_it.o
                0x08000b70                HardFault_Handler
 .text.MemManage_Handler
                0x08000b78        0x8 ./Core/Src/stm32u5xx_it.o
                0x08000b78                MemManage_Handler
 .text.BusFault_Handler
                0x08000b80        0x8 ./Core/Src/stm32u5xx_it.o
                0x08000b80                BusFault_Handler
 .text.UsageFault_Handler
                0x08000b88        0x8 ./Core/Src/stm32u5xx_it.o
                0x08000b88                UsageFault_Handler
 .text.SVC_Handler
                0x08000b90        0xe ./Core/Src/stm32u5xx_it.o
                0x08000b90                SVC_Handler
 .text.DebugMon_Handler
                0x08000b9e        0xe ./Core/Src/stm32u5xx_it.o
                0x08000b9e                DebugMon_Handler
 .text.PendSV_Handler
                0x08000bac        0xe ./Core/Src/stm32u5xx_it.o
                0x08000bac                PendSV_Handler
 .text.SysTick_Handler
                0x08000bba        0xc ./Core/Src/stm32u5xx_it.o
                0x08000bba                SysTick_Handler
 .text._read    0x08000bc6       0x3a ./Core/Src/syscalls.o
                0x08000bc6                _read
 .text._write   0x08000c00       0x38 ./Core/Src/syscalls.o
                0x08000c00                _write
 .text._close   0x08000c38       0x18 ./Core/Src/syscalls.o
                0x08000c38                _close
 .text._fstat   0x08000c50       0x20 ./Core/Src/syscalls.o
                0x08000c50                _fstat
 .text._isatty  0x08000c70       0x16 ./Core/Src/syscalls.o
                0x08000c70                _isatty
 .text._lseek   0x08000c86       0x1a ./Core/Src/syscalls.o
                0x08000c86                _lseek
 .text._sbrk    0x08000ca0       0x6c ./Core/Src/sysmem.o
                0x08000ca0                _sbrk
 .text.SystemInit
                0x08000d0c       0x70 ./Core/Src/system_stm32u5xx.o
                0x08000d0c                SystemInit
 .text.Reset_Handler
                0x08000d7c       0x50 ./Core/Startup/startup_stm32u585aiixq.o
                0x08000d7c                Reset_Handler
 .text.Default_Handler
                0x08000dcc        0x2 ./Core/Startup/startup_stm32u585aiixq.o
                0x08000dcc                HASH_IRQHandler
                0x08000dcc                TIM8_TRG_COM_IRQHandler
                0x08000dcc                TIM8_CC_IRQHandler
                0x08000dcc                EXTI5_IRQHandler
                0x08000dcc                FLASH_S_IRQHandler
                0x08000dcc                EXTI13_IRQHandler
                0x08000dcc                TIM1_CC_IRQHandler
                0x08000dcc                TSC_IRQHandler
                0x08000dcc                TAMP_IRQHandler
                0x08000dcc                TIM6_IRQHandler
                0x08000dcc                EXTI12_IRQHandler
                0x08000dcc                CORDIC_IRQHandler
                0x08000dcc                EXTI3_IRQHandler
                0x08000dcc                LPTIM4_IRQHandler
                0x08000dcc                GPDMA1_Channel5_IRQHandler
                0x08000dcc                EXTI8_IRQHandler
                0x08000dcc                LPTIM2_IRQHandler
                0x08000dcc                I2C3_ER_IRQHandler
                0x08000dcc                PWR_S3WU_IRQHandler
                0x08000dcc                MDF1_FLT2_IRQHandler
                0x08000dcc                LPDMA1_Channel3_IRQHandler
                0x08000dcc                LPTIM3_IRQHandler
                0x08000dcc                EXTI0_IRQHandler
                0x08000dcc                I2C2_EV_IRQHandler
                0x08000dcc                FPU_IRQHandler
                0x08000dcc                GPDMA1_Channel3_IRQHandler
                0x08000dcc                GPDMA1_Channel7_IRQHandler
                0x08000dcc                MDF1_FLT4_IRQHandler
                0x08000dcc                FDCAN1_IT1_IRQHandler
                0x08000dcc                RAMCFG_IRQHandler
                0x08000dcc                GPDMA1_Channel9_IRQHandler
                0x08000dcc                DCACHE1_IRQHandler
                0x08000dcc                SPI1_IRQHandler
                0x08000dcc                OCTOSPI1_IRQHandler
                0x08000dcc                GPDMA1_Channel2_IRQHandler
                0x08000dcc                TIM8_UP_IRQHandler
                0x08000dcc                RCC_S_IRQHandler
                0x08000dcc                OCTOSPI2_IRQHandler
                0x08000dcc                SAI2_IRQHandler
                0x08000dcc                MDF1_FLT1_IRQHandler
                0x08000dcc                ADC1_IRQHandler
                0x08000dcc                PKA_IRQHandler
                0x08000dcc                MDF1_FLT5_IRQHandler
                0x08000dcc                EXTI15_IRQHandler
                0x08000dcc                TIM17_IRQHandler
                0x08000dcc                USART3_IRQHandler
                0x08000dcc                RTC_IRQHandler
                0x08000dcc                EXTI9_IRQHandler
                0x08000dcc                UART5_IRQHandler
                0x08000dcc                TIM4_IRQHandler
                0x08000dcc                I2C1_EV_IRQHandler
                0x08000dcc                GPDMA1_Channel12_IRQHandler
                0x08000dcc                GPDMA1_Channel1_IRQHandler
                0x08000dcc                TIM16_IRQHandler
                0x08000dcc                GPDMA1_Channel15_IRQHandler
                0x08000dcc                UART4_IRQHandler
                0x08000dcc                SecureFault_Handler
                0x08000dcc                TIM3_IRQHandler
                0x08000dcc                RCC_IRQHandler
                0x08000dcc                TIM1_TRG_COM_IRQHandler
                0x08000dcc                Default_Handler
                0x08000dcc                GPDMA1_Channel8_IRQHandler
                0x08000dcc                FMAC_IRQHandler
                0x08000dcc                OTFDEC1_IRQHandler
                0x08000dcc                GPDMA1_Channel11_IRQHandler
                0x08000dcc                TIM7_IRQHandler
                0x08000dcc                SDMMC1_IRQHandler
                0x08000dcc                SAES_IRQHandler
                0x08000dcc                TIM5_IRQHandler
                0x08000dcc                UCPD1_IRQHandler
                0x08000dcc                GPDMA1_Channel0_IRQHandler
                0x08000dcc                TIM15_IRQHandler
                0x08000dcc                I2C3_EV_IRQHandler
                0x08000dcc                LPDMA1_Channel0_IRQHandler
                0x08000dcc                PVD_PVM_IRQHandler
                0x08000dcc                SPI2_IRQHandler
                0x08000dcc                LPDMA1_Channel1_IRQHandler
                0x08000dcc                EXTI14_IRQHandler
                0x08000dcc                EXTI11_IRQHandler
                0x08000dcc                OTFDEC2_IRQHandler
                0x08000dcc                CRS_IRQHandler
                0x08000dcc                GPDMA1_Channel14_IRQHandler
                0x08000dcc                LSECSSD_IRQHandler
                0x08000dcc                EXTI4_IRQHandler
                0x08000dcc                RTC_S_IRQHandler
                0x08000dcc                GPDMA1_Channel13_IRQHandler
                0x08000dcc                RNG_IRQHandler
                0x08000dcc                COMP_IRQHandler
                0x08000dcc                TIM1_UP_IRQHandler
                0x08000dcc                ADC4_IRQHandler
                0x08000dcc                WWDG_IRQHandler
                0x08000dcc                I2C4_EV_IRQHandler
                0x08000dcc                ADF1_IRQHandler
                0x08000dcc                IWDG_IRQHandler
                0x08000dcc                LPUART1_IRQHandler
                0x08000dcc                MDF1_FLT0_IRQHandler
                0x08000dcc                FDCAN1_IT0_IRQHandler
                0x08000dcc                TIM2_IRQHandler
                0x08000dcc                GPDMA1_Channel4_IRQHandler
                0x08000dcc                EXTI7_IRQHandler
                0x08000dcc                DMA2D_IRQHandler
                0x08000dcc                TIM1_BRK_IRQHandler
                0x08000dcc                EXTI1_IRQHandler
                0x08000dcc                SDMMC2_IRQHandler
                0x08000dcc                AES_IRQHandler
                0x08000dcc                DAC1_IRQHandler
                0x08000dcc                GTZC_IRQHandler
                0x08000dcc                MDF1_FLT3_IRQHandler
                0x08000dcc                USART2_IRQHandler
                0x08000dcc                GPDMA1_Channel6_IRQHandler
                0x08000dcc                I2C2_ER_IRQHandler
                0x08000dcc                TIM8_BRK_IRQHandler
                0x08000dcc                FLASH_IRQHandler
                0x08000dcc                USART1_IRQHandler
                0x08000dcc                EXTI10_IRQHandler
                0x08000dcc                OTG_FS_IRQHandler
                0x08000dcc                SPI3_IRQHandler
                0x08000dcc                LPDMA1_Channel2_IRQHandler
                0x08000dcc                I2C1_ER_IRQHandler
                0x08000dcc                FMC_IRQHandler
                0x08000dcc                EXTI6_IRQHandler
                0x08000dcc                LPTIM1_IRQHandler
                0x08000dcc                DCMI_PSSI_IRQHandler
                0x08000dcc                I2C4_ER_IRQHandler
                0x08000dcc                GPDMA1_Channel10_IRQHandler
                0x08000dcc                ICACHE_IRQHandler
                0x08000dcc                SAI1_IRQHandler
                0x08000dcc                EXTI2_IRQHandler
 *fill*         0x08000dce        0x2 
 .text.LSM6DSV16X_RegisterBusIO
                0x08000dd0       0xec ./Drivers/BSP/Components/lsm6dsv16x/lsm6dsv16x.o
                0x08000dd0                LSM6DSV16X_RegisterBusIO
 .text.LSM6DSV16X_Init
                0x08000ebc      0x106 ./Drivers/BSP/Components/lsm6dsv16x/lsm6dsv16x.o
                0x08000ebc                LSM6DSV16X_Init
 .text.LSM6DSV16X_DeInit
                0x08000fc2       0x6e ./Drivers/BSP/Components/lsm6dsv16x/lsm6dsv16x.o
                0x08000fc2                LSM6DSV16X_DeInit
 .text.LSM6DSV16X_ReadID
                0x08001030       0x2c ./Drivers/BSP/Components/lsm6dsv16x/lsm6dsv16x.o
                0x08001030                LSM6DSV16X_ReadID
 .text.LSM6DSV16X_GetCapabilities
                0x0800105c       0x5c ./Drivers/BSP/Components/lsm6dsv16x/lsm6dsv16x.o
                0x0800105c                LSM6DSV16X_GetCapabilities
 .text.LSM6DSV16X_ACC_Enable
                0x080010b8       0x48 ./Drivers/BSP/Components/lsm6dsv16x/lsm6dsv16x.o
                0x080010b8                LSM6DSV16X_ACC_Enable
 .text.LSM6DSV16X_ACC_Disable
                0x08001100       0x5e ./Drivers/BSP/Components/lsm6dsv16x/lsm6dsv16x.o
                0x08001100                LSM6DSV16X_ACC_Disable
 *fill*         0x0800115e        0x2 
 .text.LSM6DSV16X_ACC_GetSensitivity
                0x08001160       0x8c ./Drivers/BSP/Components/lsm6dsv16x/lsm6dsv16x.o
                0x08001160                LSM6DSV16X_ACC_GetSensitivity
 .text.LSM6DSV16X_ACC_GetOutputDataRate
                0x080011ec      0x288 ./Drivers/BSP/Components/lsm6dsv16x/lsm6dsv16x.o
                0x080011ec                LSM6DSV16X_ACC_GetOutputDataRate
 .text.LSM6DSV16X_ACC_SetOutputDataRate
                0x08001474       0x38 ./Drivers/BSP/Components/lsm6dsv16x/lsm6dsv16x.o
                0x08001474                LSM6DSV16X_ACC_SetOutputDataRate
 .text.LSM6DSV16X_ACC_GetFullScale
                0x080014ac       0x7c ./Drivers/BSP/Components/lsm6dsv16x/lsm6dsv16x.o
                0x080014ac                LSM6DSV16X_ACC_GetFullScale
 .text.LSM6DSV16X_ACC_SetFullScale
                0x08001528       0x50 ./Drivers/BSP/Components/lsm6dsv16x/lsm6dsv16x.o
                0x08001528                LSM6DSV16X_ACC_SetFullScale
 .text.LSM6DSV16X_ACC_GetAxesRaw
                0x08001578       0x48 ./Drivers/BSP/Components/lsm6dsv16x/lsm6dsv16x.o
                0x08001578                LSM6DSV16X_ACC_GetAxesRaw
 .text.LSM6DSV16X_ACC_GetAxes
                0x080015c0       0xae ./Drivers/BSP/Components/lsm6dsv16x/lsm6dsv16x.o
                0x080015c0                LSM6DSV16X_ACC_GetAxes
 .text.LSM6DSV16X_GYRO_Enable
                0x0800166e       0x48 ./Drivers/BSP/Components/lsm6dsv16x/lsm6dsv16x.o
                0x0800166e                LSM6DSV16X_GYRO_Enable
 .text.LSM6DSV16X_GYRO_Disable
                0x080016b6       0x5e ./Drivers/BSP/Components/lsm6dsv16x/lsm6dsv16x.o
                0x080016b6                LSM6DSV16X_GYRO_Disable
 .text.LSM6DSV16X_GYRO_GetSensitivity
                0x08001714       0xc8 ./Drivers/BSP/Components/lsm6dsv16x/lsm6dsv16x.o
                0x08001714                LSM6DSV16X_GYRO_GetSensitivity
 .text.LSM6DSV16X_GYRO_GetOutputDataRate
                0x080017dc      0x288 ./Drivers/BSP/Components/lsm6dsv16x/lsm6dsv16x.o
                0x080017dc                LSM6DSV16X_GYRO_GetOutputDataRate
 .text.LSM6DSV16X_GYRO_SetOutputDataRate
                0x08001a64       0x38 ./Drivers/BSP/Components/lsm6dsv16x/lsm6dsv16x.o
                0x08001a64                LSM6DSV16X_GYRO_SetOutputDataRate
 .text.LSM6DSV16X_GYRO_GetFullScale
                0x08001a9c       0xb8 ./Drivers/BSP/Components/lsm6dsv16x/lsm6dsv16x.o
                0x08001a9c                LSM6DSV16X_GYRO_GetFullScale
 .text.LSM6DSV16X_GYRO_SetFullScale
                0x08001b54       0x6a ./Drivers/BSP/Components/lsm6dsv16x/lsm6dsv16x.o
                0x08001b54                LSM6DSV16X_GYRO_SetFullScale
 .text.LSM6DSV16X_GYRO_GetAxesRaw
                0x08001bbe       0x48 ./Drivers/BSP/Components/lsm6dsv16x/lsm6dsv16x.o
                0x08001bbe                LSM6DSV16X_GYRO_GetAxesRaw
 .text.LSM6DSV16X_GYRO_GetAxes
                0x08001c06       0xae ./Drivers/BSP/Components/lsm6dsv16x/lsm6dsv16x.o
                0x08001c06                LSM6DSV16X_GYRO_GetAxes
 .text.LSM6DSV16X_Write_Reg
                0x08001cb4       0x36 ./Drivers/BSP/Components/lsm6dsv16x/lsm6dsv16x.o
                0x08001cb4                LSM6DSV16X_Write_Reg
 .text.LSM6DSV16X_Set_Mem_Bank
                0x08001cea       0x4c ./Drivers/BSP/Components/lsm6dsv16x/lsm6dsv16x.o
                0x08001cea                LSM6DSV16X_Set_Mem_Bank
 *fill*         0x08001d36        0x2 
 .text.LSM6DSV16X_ACC_SetOutputDataRate_When_Enabled
                0x08001d38      0x144 ./Drivers/BSP/Components/lsm6dsv16x/lsm6dsv16x.o
 .text.LSM6DSV16X_ACC_SetOutputDataRate_When_Disabled
                0x08001e7c      0x130 ./Drivers/BSP/Components/lsm6dsv16x/lsm6dsv16x.o
 .text.LSM6DSV16X_GYRO_SetOutputDataRate_When_Enabled
                0x08001fac      0x12c ./Drivers/BSP/Components/lsm6dsv16x/lsm6dsv16x.o
 .text.LSM6DSV16X_GYRO_SetOutputDataRate_When_Disabled
                0x080020d8      0x11c ./Drivers/BSP/Components/lsm6dsv16x/lsm6dsv16x.o
 .text.ReadRegWrap
                0x080021f4       0x36 ./Drivers/BSP/Components/lsm6dsv16x/lsm6dsv16x.o
 .text.WriteRegWrap
                0x0800222a       0x36 ./Drivers/BSP/Components/lsm6dsv16x/lsm6dsv16x.o
 .text.lsm6dsv16x_read_reg
                0x08002260       0x30 ./Drivers/BSP/Components/lsm6dsv16x/lsm6dsv16x_reg.o
                0x08002260                lsm6dsv16x_read_reg
 .text.lsm6dsv16x_write_reg
                0x08002290       0x30 ./Drivers/BSP/Components/lsm6dsv16x/lsm6dsv16x_reg.o
                0x08002290                lsm6dsv16x_write_reg
 .text.lsm6dsv16x_mem_bank_set
                0x080022c0       0x62 ./Drivers/BSP/Components/lsm6dsv16x/lsm6dsv16x_reg.o
                0x080022c0                lsm6dsv16x_mem_bank_set
 .text.lsm6dsv16x_device_id_get
                0x08002322       0x22 ./Drivers/BSP/Components/lsm6dsv16x/lsm6dsv16x_reg.o
                0x08002322                lsm6dsv16x_device_id_get
 .text.lsm6dsv16x_xl_data_rate_set
                0x08002344       0xa2 ./Drivers/BSP/Components/lsm6dsv16x/lsm6dsv16x_reg.o
                0x08002344                lsm6dsv16x_xl_data_rate_set
 *fill*         0x080023e6        0x2 
 .text.lsm6dsv16x_xl_data_rate_get
                0x080023e8      0x220 ./Drivers/BSP/Components/lsm6dsv16x/lsm6dsv16x_reg.o
                0x080023e8                lsm6dsv16x_xl_data_rate_get
 .text.lsm6dsv16x_gy_data_rate_set
                0x08002608       0x9e ./Drivers/BSP/Components/lsm6dsv16x/lsm6dsv16x_reg.o
                0x08002608                lsm6dsv16x_gy_data_rate_set
 *fill*         0x080026a6        0x2 
 .text.lsm6dsv16x_gy_data_rate_get
                0x080026a8      0x220 ./Drivers/BSP/Components/lsm6dsv16x/lsm6dsv16x_reg.o
                0x080026a8                lsm6dsv16x_gy_data_rate_get
 .text.lsm6dsv16x_auto_increment_set
                0x080028c8       0x4c ./Drivers/BSP/Components/lsm6dsv16x/lsm6dsv16x_reg.o
                0x080028c8                lsm6dsv16x_auto_increment_set
 .text.lsm6dsv16x_block_data_update_set
                0x08002914       0x4c ./Drivers/BSP/Components/lsm6dsv16x/lsm6dsv16x_reg.o
                0x08002914                lsm6dsv16x_block_data_update_set
 .text.lsm6dsv16x_gy_full_scale_set
                0x08002960       0x4c ./Drivers/BSP/Components/lsm6dsv16x/lsm6dsv16x_reg.o
                0x08002960                lsm6dsv16x_gy_full_scale_set
 .text.lsm6dsv16x_gy_full_scale_get
                0x080029ac       0xb0 ./Drivers/BSP/Components/lsm6dsv16x/lsm6dsv16x_reg.o
                0x080029ac                lsm6dsv16x_gy_full_scale_get
 .text.lsm6dsv16x_xl_full_scale_set
                0x08002a5c       0x4c ./Drivers/BSP/Components/lsm6dsv16x/lsm6dsv16x_reg.o
                0x08002a5c                lsm6dsv16x_xl_full_scale_set
 .text.lsm6dsv16x_xl_full_scale_get
                0x08002aa8       0x7c ./Drivers/BSP/Components/lsm6dsv16x/lsm6dsv16x_reg.o
                0x08002aa8                lsm6dsv16x_xl_full_scale_get
 .text.lsm6dsv16x_angular_rate_raw_get
                0x08002b24       0x9a ./Drivers/BSP/Components/lsm6dsv16x/lsm6dsv16x_reg.o
                0x08002b24                lsm6dsv16x_angular_rate_raw_get
 .text.lsm6dsv16x_acceleration_raw_get
                0x08002bbe       0x9a ./Drivers/BSP/Components/lsm6dsv16x/lsm6dsv16x_reg.o
                0x08002bbe                lsm6dsv16x_acceleration_raw_get
 .text.lsm6dsv16x_fifo_mode_set
                0x08002c58       0x4c ./Drivers/BSP/Components/lsm6dsv16x/lsm6dsv16x_reg.o
                0x08002c58                lsm6dsv16x_fifo_mode_set
 .text.lsm6dsv16x_ah_qvar_mode_set
                0x08002ca4       0x4a ./Drivers/BSP/Components/lsm6dsv16x/lsm6dsv16x_reg.o
                0x08002ca4                lsm6dsv16x_ah_qvar_mode_set
 *fill*         0x08002cee        0x2 
 .text.BSP_SPI2_Init
                0x08002cf0       0x60 ./Drivers/BSP/STEVAL-MKBOXPRO/steval_mkboxpro_bus.o
                0x08002cf0                BSP_SPI2_Init
 .text.BSP_SPI2_DeInit
                0x08002d50       0x50 ./Drivers/BSP/STEVAL-MKBOXPRO/steval_mkboxpro_bus.o
                0x08002d50                BSP_SPI2_DeInit
 .text.BSP_SPI2_Send
                0x08002da0       0x38 ./Drivers/BSP/STEVAL-MKBOXPRO/steval_mkboxpro_bus.o
                0x08002da0                BSP_SPI2_Send
 .text.BSP_SPI2_Recv
                0x08002dd8       0x38 ./Drivers/BSP/STEVAL-MKBOXPRO/steval_mkboxpro_bus.o
                0x08002dd8                BSP_SPI2_Recv
 .text.BSP_GetTick
                0x08002e10        0xe ./Drivers/BSP/STEVAL-MKBOXPRO/steval_mkboxpro_bus.o
                0x08002e10                BSP_GetTick
 *fill*         0x08002e1e        0x2 
 .text.MX_SPI2_Init
                0x08002e20       0xe8 ./Drivers/BSP/STEVAL-MKBOXPRO/steval_mkboxpro_bus.o
                0x08002e20                MX_SPI2_Init
 .text.SPI2_MspInit
                0x08002f08       0xfc ./Drivers/BSP/STEVAL-MKBOXPRO/steval_mkboxpro_bus.o
 .text.SPI2_MspDeInit
                0x08003004       0x40 ./Drivers/BSP/STEVAL-MKBOXPRO/steval_mkboxpro_bus.o
 .text.HAL_Init
                0x08003044       0x60 ./Drivers/STM32U5xx_HAL_Driver/Src/stm32u5xx_hal.o
                0x08003044                HAL_Init
 .text.HAL_InitTick
                0x080030a4       0xec ./Drivers/STM32U5xx_HAL_Driver/Src/stm32u5xx_hal.o
                0x080030a4                HAL_InitTick
 .text.HAL_IncTick
                0x08003190       0x28 ./Drivers/STM32U5xx_HAL_Driver/Src/stm32u5xx_hal.o
                0x08003190                HAL_IncTick
 .text.HAL_GetTick
                0x080031b8       0x18 ./Drivers/STM32U5xx_HAL_Driver/Src/stm32u5xx_hal.o
                0x080031b8                HAL_GetTick
 .text.HAL_Delay
                0x080031d0       0x48 ./Drivers/STM32U5xx_HAL_Driver/Src/stm32u5xx_hal.o
                0x080031d0                HAL_Delay
 .text.__NVIC_SetPriorityGrouping
                0x08003218       0x48 ./Drivers/STM32U5xx_HAL_Driver/Src/stm32u5xx_hal_cortex.o
 .text.__NVIC_GetPriorityGrouping
                0x08003260       0x1c ./Drivers/STM32U5xx_HAL_Driver/Src/stm32u5xx_hal_cortex.o
 .text.__NVIC_SetPriority
                0x0800327c       0x54 ./Drivers/STM32U5xx_HAL_Driver/Src/stm32u5xx_hal_cortex.o
 .text.NVIC_EncodePriority
                0x080032d0       0x66 ./Drivers/STM32U5xx_HAL_Driver/Src/stm32u5xx_hal_cortex.o
 .text.HAL_NVIC_SetPriorityGrouping
                0x08003336       0x16 ./Drivers/STM32U5xx_HAL_Driver/Src/stm32u5xx_hal_cortex.o
                0x08003336                HAL_NVIC_SetPriorityGrouping
 .text.HAL_NVIC_SetPriority
                0x0800334c       0x34 ./Drivers/STM32U5xx_HAL_Driver/Src/stm32u5xx_hal_cortex.o
                0x0800334c                HAL_NVIC_SetPriority
 .text.HAL_SYSTICK_Config
                0x08003380       0x44 ./Drivers/STM32U5xx_HAL_Driver/Src/stm32u5xx_hal_cortex.o
                0x08003380                HAL_SYSTICK_Config
 .text.HAL_SYSTICK_CLKSourceConfig
                0x080033c4       0xb0 ./Drivers/STM32U5xx_HAL_Driver/Src/stm32u5xx_hal_cortex.o
                0x080033c4                HAL_SYSTICK_CLKSourceConfig
 .text.HAL_SYSTICK_GetCLKSourceConfig
                0x08003474       0x74 ./Drivers/STM32U5xx_HAL_Driver/Src/stm32u5xx_hal_cortex.o
                0x08003474                HAL_SYSTICK_GetCLKSourceConfig
 .text.HAL_CRC_Init
                0x080034e8       0xc8 ./Drivers/STM32U5xx_HAL_Driver/Src/stm32u5xx_hal_crc.o
                0x080034e8                HAL_CRC_Init
 .text.HAL_CRCEx_Polynomial_Set
                0x080035b0      0x11c ./Drivers/STM32U5xx_HAL_Driver/Src/stm32u5xx_hal_crc_ex.o
                0x080035b0                HAL_CRCEx_Polynomial_Set
 .text.HAL_GPIO_Init
                0x080036cc      0x3b0 ./Drivers/STM32U5xx_HAL_Driver/Src/stm32u5xx_hal_gpio.o
                0x080036cc                HAL_GPIO_Init
 .text.HAL_GPIO_DeInit
                0x08003a7c      0x1bc ./Drivers/STM32U5xx_HAL_Driver/Src/stm32u5xx_hal_gpio.o
                0x08003a7c                HAL_GPIO_DeInit
 .text.HAL_GPIO_WritePin
                0x08003c38       0x30 ./Drivers/STM32U5xx_HAL_Driver/Src/stm32u5xx_hal_gpio.o
                0x08003c38                HAL_GPIO_WritePin
 .text.HAL_GPIO_TogglePin
                0x08003c68       0x34 ./Drivers/STM32U5xx_HAL_Driver/Src/stm32u5xx_hal_gpio.o
                0x08003c68                HAL_GPIO_TogglePin
 .text.HAL_ICACHE_Enable
                0x08003c9c       0x20 ./Drivers/STM32U5xx_HAL_Driver/Src/stm32u5xx_hal_icache.o
                0x08003c9c                HAL_ICACHE_Enable
 .text.HAL_PWREx_ControlVoltageScaling
                0x08003cbc       0xfc ./Drivers/STM32U5xx_HAL_Driver/Src/stm32u5xx_hal_pwr_ex.o
                0x08003cbc                HAL_PWREx_ControlVoltageScaling
 .text.HAL_PWREx_GetVoltageRange
                0x08003db8       0x1c ./Drivers/STM32U5xx_HAL_Driver/Src/stm32u5xx_hal_pwr_ex.o
                0x08003db8                HAL_PWREx_GetVoltageRange
 .text.HAL_RCC_OscConfig
                0x08003dd4      0xdb8 ./Drivers/STM32U5xx_HAL_Driver/Src/stm32u5xx_hal_rcc.o
                0x08003dd4                HAL_RCC_OscConfig
 .text.HAL_RCC_ClockConfig
                0x08004b8c      0x3e4 ./Drivers/STM32U5xx_HAL_Driver/Src/stm32u5xx_hal_rcc.o
                0x08004b8c                HAL_RCC_ClockConfig
 .text.HAL_RCC_GetSysClockFreq
                0x08004f70      0x204 ./Drivers/STM32U5xx_HAL_Driver/Src/stm32u5xx_hal_rcc.o
                0x08004f70                HAL_RCC_GetSysClockFreq
 .text.HAL_RCC_GetHCLKFreq
                0x08005174       0x34 ./Drivers/STM32U5xx_HAL_Driver/Src/stm32u5xx_hal_rcc.o
                0x08005174                HAL_RCC_GetHCLKFreq
 .text.HAL_RCC_GetPCLK1Freq
                0x080051a8       0x28 ./Drivers/STM32U5xx_HAL_Driver/Src/stm32u5xx_hal_rcc.o
                0x080051a8                HAL_RCC_GetPCLK1Freq
 .text.HAL_RCC_GetPCLK2Freq
                0x080051d0       0x28 ./Drivers/STM32U5xx_HAL_Driver/Src/stm32u5xx_hal_rcc.o
                0x080051d0                HAL_RCC_GetPCLK2Freq
 .text.HAL_RCC_GetPCLK3Freq
                0x080051f8       0x28 ./Drivers/STM32U5xx_HAL_Driver/Src/stm32u5xx_hal_rcc.o
                0x080051f8                HAL_RCC_GetPCLK3Freq
 .text.RCC_SetFlashLatencyFromMSIRange
                0x08005220      0x10c ./Drivers/STM32U5xx_HAL_Driver/Src/stm32u5xx_hal_rcc.o
 .text.HAL_RCCEx_PeriphCLKConfig
                0x0800532c      0xb80 ./Drivers/STM32U5xx_HAL_Driver/Src/stm32u5xx_hal_rcc_ex.o
                0x0800532c                HAL_RCCEx_PeriphCLKConfig
 .text.HAL_RCCEx_GetPLL1ClockFreq
                0x08005eac      0x2b4 ./Drivers/STM32U5xx_HAL_Driver/Src/stm32u5xx_hal_rcc_ex.o
                0x08005eac                HAL_RCCEx_GetPLL1ClockFreq
 .text.HAL_RCCEx_GetPLL2ClockFreq
                0x08006160      0x2b4 ./Drivers/STM32U5xx_HAL_Driver/Src/stm32u5xx_hal_rcc_ex.o
                0x08006160                HAL_RCCEx_GetPLL2ClockFreq
 .text.HAL_RCCEx_GetPLL3ClockFreq
                0x08006414      0x2b4 ./Drivers/STM32U5xx_HAL_Driver/Src/stm32u5xx_hal_rcc_ex.o
                0x08006414                HAL_RCCEx_GetPLL3ClockFreq
 .text.HAL_RCCEx_GetPeriphCLKFreq
                0x080066c8     0x13c4 ./Drivers/STM32U5xx_HAL_Driver/Src/stm32u5xx_hal_rcc_ex.o
                0x080066c8                HAL_RCCEx_GetPeriphCLKFreq
 .text.RCCEx_PLL2_Config
                0x08007a8c      0x130 ./Drivers/STM32U5xx_HAL_Driver/Src/stm32u5xx_hal_rcc_ex.o
 .text.RCCEx_PLL3_Config
                0x08007bbc      0x130 ./Drivers/STM32U5xx_HAL_Driver/Src/stm32u5xx_hal_rcc_ex.o
 .text.HAL_SPI_Init
                0x08007cec      0x22c ./Drivers/STM32U5xx_HAL_Driver/Src/stm32u5xx_hal_spi.o
                0x08007cec                HAL_SPI_Init
 .text.HAL_SPI_DeInit
                0x08007f18       0x52 ./Drivers/STM32U5xx_HAL_Driver/Src/stm32u5xx_hal_spi.o
                0x08007f18                HAL_SPI_DeInit
 .text.HAL_SPI_MspInit
                0x08007f6a       0x14 ./Drivers/STM32U5xx_HAL_Driver/Src/stm32u5xx_hal_spi.o
                0x08007f6a                HAL_SPI_MspInit
 .text.HAL_SPI_MspDeInit
                0x08007f7e       0x14 ./Drivers/STM32U5xx_HAL_Driver/Src/stm32u5xx_hal_spi.o
                0x08007f7e                HAL_SPI_MspDeInit
 *fill*         0x08007f92        0x2 
 .text.HAL_SPI_Transmit
                0x08007f94      0x420 ./Drivers/STM32U5xx_HAL_Driver/Src/stm32u5xx_hal_spi.o
                0x08007f94                HAL_SPI_Transmit
 .text.HAL_SPI_Receive
                0x080083b4      0x344 ./Drivers/STM32U5xx_HAL_Driver/Src/stm32u5xx_hal_spi.o
                0x080083b4                HAL_SPI_Receive
 .text.HAL_SPI_GetState
                0x080086f8       0x1c ./Drivers/STM32U5xx_HAL_Driver/Src/stm32u5xx_hal_spi.o
                0x080086f8                HAL_SPI_GetState
 .text.SPI_CloseTransfer
                0x08008714      0x140 ./Drivers/STM32U5xx_HAL_Driver/Src/stm32u5xx_hal_spi.o
 .text.SPI_WaitOnFlagUntilTimeout
                0x08008854       0x5c ./Drivers/STM32U5xx_HAL_Driver/Src/stm32u5xx_hal_spi.o
 .text.SPI_GetPacketSize
                0x080088b0       0x36 ./Drivers/STM32U5xx_HAL_Driver/Src/stm32u5xx_hal_spi.o
 .text.HAL_SPIEx_SetConfigAutonomousMode
                0x080088e6       0x82 ./Drivers/STM32U5xx_HAL_Driver/Src/stm32u5xx_hal_spi_ex.o
                0x080088e6                HAL_SPIEx_SetConfigAutonomousMode
 .text.HAL_UART_Init
                0x08008968       0xa0 ./Drivers/STM32U5xx_HAL_Driver/Src/stm32u5xx_hal_uart.o
                0x08008968                HAL_UART_Init
 .text.HAL_UART_Transmit
                0x08008a08      0x13c ./Drivers/STM32U5xx_HAL_Driver/Src/stm32u5xx_hal_uart.o
                0x08008a08                HAL_UART_Transmit
 .text.UART_SetConfig
                0x08008b44      0x344 ./Drivers/STM32U5xx_HAL_Driver/Src/stm32u5xx_hal_uart.o
                0x08008b44                UART_SetConfig
 .text.UART_AdvFeatureConfig
                0x08008e88      0x144 ./Drivers/STM32U5xx_HAL_Driver/Src/stm32u5xx_hal_uart.o
                0x08008e88                UART_AdvFeatureConfig
 .text.UART_CheckIdleState
                0x08008fcc      0x154 ./Drivers/STM32U5xx_HAL_Driver/Src/stm32u5xx_hal_uart.o
                0x08008fcc                UART_CheckIdleState
 .text.UART_WaitOnFlagUntilTimeout
                0x08009120       0xda ./Drivers/STM32U5xx_HAL_Driver/Src/stm32u5xx_hal_uart.o
                0x08009120                UART_WaitOnFlagUntilTimeout
 .text.UART_EndRxTransfer
                0x080091fa       0xcc ./Drivers/STM32U5xx_HAL_Driver/Src/stm32u5xx_hal_uart.o
 .text.HAL_UARTEx_DisableFifoMode
                0x080092c6       0x72 ./Drivers/STM32U5xx_HAL_Driver/Src/stm32u5xx_hal_uart_ex.o
                0x080092c6                HAL_UARTEx_DisableFifoMode
 .text.HAL_UARTEx_SetTxFifoThreshold
                0x08009338       0x7c ./Drivers/STM32U5xx_HAL_Driver/Src/stm32u5xx_hal_uart_ex.o
                0x08009338                HAL_UARTEx_SetTxFifoThreshold
 .text.HAL_UARTEx_SetRxFifoThreshold
                0x080093b4       0x7c ./Drivers/STM32U5xx_HAL_Driver/Src/stm32u5xx_hal_uart_ex.o
                0x080093b4                HAL_UARTEx_SetRxFifoThreshold
 .text.UARTEx_SetNbDataToProcess
                0x08009430       0x9c ./Drivers/STM32U5xx_HAL_Driver/Src/stm32u5xx_hal_uart_ex.o
 .text.CUSTOM_MOTION_SENSOR_Init
                0x080094cc      0x110 ./X-CUBE-MEMS1/Target/custom_motion_sensors.o
                0x080094cc                CUSTOM_MOTION_SENSOR_Init
 .text.LSM6DSV16X_0_Probe
                0x080095dc      0x194 ./X-CUBE-MEMS1/Target/custom_motion_sensors.o
 .text.CUSTOM_LSM6DSV16X_0_Init
                0x08009770       0x24 ./X-CUBE-MEMS1/Target/custom_motion_sensors.o
 .text.CUSTOM_LSM6DSV16X_0_DeInit
                0x08009794       0x24 ./X-CUBE-MEMS1/Target/custom_motion_sensors.o
 .text.CUSTOM_LSM6DSV16X_0_WriteReg
                0x080097b8       0x70 ./X-CUBE-MEMS1/Target/custom_motion_sensors.o
 .text.CUSTOM_LSM6DSV16X_0_ReadReg
                0x08009828       0x7c ./X-CUBE-MEMS1/Target/custom_motion_sensors.o
 .text.CUSTOM_MOTION_SENSOR_Write_Register
                0x080098a4       0x54 ./X-CUBE-MEMS1/Target/custom_motion_sensors_ex.o
                0x080098a4                CUSTOM_MOTION_SENSOR_Write_Register
 .text.std      0x080098f8       0x6c /Applications/STM32CubeIDE.app/Contents/Eclipse/plugins/com.st.stm32cube.ide.mcu.externaltools.gnu-tools-for-stm32.12.3.rel1.macos64_1.0.200.202406191456/tools/bin/../lib/gcc/arm-none-eabi/12.3.1/../../../../arm-none-eabi/lib/thumb/v8-m.main+fp/hard/libc_nano.a(libc_a-findfp.o)
 .text.stdio_exit_handler
                0x08009964       0x18 /Applications/STM32CubeIDE.app/Contents/Eclipse/plugins/com.st.stm32cube.ide.mcu.externaltools.gnu-tools-for-stm32.12.3.rel1.macos64_1.0.200.202406191456/tools/bin/../lib/gcc/arm-none-eabi/12.3.1/../../../../arm-none-eabi/lib/thumb/v8-m.main+fp/hard/libc_nano.a(libc_a-findfp.o)
 .text.cleanup_stdio
                0x0800997c       0x40 /Applications/STM32CubeIDE.app/Contents/Eclipse/plugins/com.st.stm32cube.ide.mcu.externaltools.gnu-tools-for-stm32.12.3.rel1.macos64_1.0.200.202406191456/tools/bin/../lib/gcc/arm-none-eabi/12.3.1/../../../../arm-none-eabi/lib/thumb/v8-m.main+fp/hard/libc_nano.a(libc_a-findfp.o)
 .text.global_stdio_init.part.0
                0x080099bc       0x3c /Applications/STM32CubeIDE.app/Contents/Eclipse/plugins/com.st.stm32cube.ide.mcu.externaltools.gnu-tools-for-stm32.12.3.rel1.macos64_1.0.200.202406191456/tools/bin/../lib/gcc/arm-none-eabi/12.3.1/../../../../arm-none-eabi/lib/thumb/v8-m.main+fp/hard/libc_nano.a(libc_a-findfp.o)
 .text.__sfp_lock_acquire
                0x080099f8        0xc /Applications/STM32CubeIDE.app/Contents/Eclipse/plugins/com.st.stm32cube.ide.mcu.externaltools.gnu-tools-for-stm32.12.3.rel1.macos64_1.0.200.202406191456/tools/bin/../lib/gcc/arm-none-eabi/12.3.1/../../../../arm-none-eabi/lib/thumb/v8-m.main+fp/hard/libc_nano.a(libc_a-findfp.o)
                0x080099f8                __sfp_lock_acquire
 .text.__sfp_lock_release
                0x08009a04        0xc /Applications/STM32CubeIDE.app/Contents/Eclipse/plugins/com.st.stm32cube.ide.mcu.externaltools.gnu-tools-for-stm32.12.3.rel1.macos64_1.0.200.202406191456/tools/bin/../lib/gcc/arm-none-eabi/12.3.1/../../../../arm-none-eabi/lib/thumb/v8-m.main+fp/hard/libc_nano.a(libc_a-findfp.o)
                0x08009a04                __sfp_lock_release
 .text.__sinit  0x08009a10       0x30 /Applications/STM32CubeIDE.app/Contents/Eclipse/plugins/com.st.stm32cube.ide.mcu.externaltools.gnu-tools-for-stm32.12.3.rel1.macos64_1.0.200.202406191456/tools/bin/../lib/gcc/arm-none-eabi/12.3.1/../../../../arm-none-eabi/lib/thumb/v8-m.main+fp/hard/libc_nano.a(libc_a-findfp.o)
                0x08009a10                __sinit
 .text._fwalk_sglue
                0x08009a40       0x3c /Applications/STM32CubeIDE.app/Contents/Eclipse/plugins/com.st.stm32cube.ide.mcu.externaltools.gnu-tools-for-stm32.12.3.rel1.macos64_1.0.200.202406191456/tools/bin/../lib/gcc/arm-none-eabi/12.3.1/../../../../arm-none-eabi/lib/thumb/v8-m.main+fp/hard/libc_nano.a(libc_a-fwalk.o)
                0x08009a40                _fwalk_sglue
 .text._puts_r  0x08009a7c       0xaa /Applications/STM32CubeIDE.app/Contents/Eclipse/plugins/com.st.stm32cube.ide.mcu.externaltools.gnu-tools-for-stm32.12.3.rel1.macos64_1.0.200.202406191456/tools/bin/../lib/gcc/arm-none-eabi/12.3.1/../../../../arm-none-eabi/lib/thumb/v8-m.main+fp/hard/libc_nano.a(libc_a-puts.o)
                0x08009a7c                _puts_r
 *fill*         0x08009b26        0x2 
 .text.puts     0x08009b28       0x10 /Applications/STM32CubeIDE.app/Contents/Eclipse/plugins/com.st.stm32cube.ide.mcu.externaltools.gnu-tools-for-stm32.12.3.rel1.macos64_1.0.200.202406191456/tools/bin/../lib/gcc/arm-none-eabi/12.3.1/../../../../arm-none-eabi/lib/thumb/v8-m.main+fp/hard/libc_nano.a(libc_a-puts.o)
                0x08009b28                puts
 .text.memset   0x08009b38       0x10 /Applications/STM32CubeIDE.app/Contents/Eclipse/plugins/com.st.stm32cube.ide.mcu.externaltools.gnu-tools-for-stm32.12.3.rel1.macos64_1.0.200.202406191456/tools/bin/../lib/gcc/arm-none-eabi/12.3.1/../../../../arm-none-eabi/lib/thumb/v8-m.main+fp/hard/libc_nano.a(libc_a-memset.o)
                0x08009b38                memset
 .text.__errno  0x08009b48        0xc /Applications/STM32CubeIDE.app/Contents/Eclipse/plugins/com.st.stm32cube.ide.mcu.externaltools.gnu-tools-for-stm32.12.3.rel1.macos64_1.0.200.202406191456/tools/bin/../lib/gcc/arm-none-eabi/12.3.1/../../../../arm-none-eabi/lib/thumb/v8-m.main+fp/hard/libc_nano.a(libc_a-errno.o)
                0x08009b48                __errno
 .text.__libc_init_array
                0x08009b54       0x48 /Applications/STM32CubeIDE.app/Contents/Eclipse/plugins/com.st.stm32cube.ide.mcu.externaltools.gnu-tools-for-stm32.12.3.rel1.macos64_1.0.200.202406191456/tools/bin/../lib/gcc/arm-none-eabi/12.3.1/../../../../arm-none-eabi/lib/thumb/v8-m.main+fp/hard/libc_nano.a(libc_a-init.o)
                0x08009b54                __libc_init_array
 .text.__retarget_lock_init_recursive
                0x08009b9c        0x2 /Applications/STM32CubeIDE.app/Contents/Eclipse/plugins/com.st.stm32cube.ide.mcu.externaltools.gnu-tools-for-stm32.12.3.rel1.macos64_1.0.200.202406191456/tools/bin/../lib/gcc/arm-none-eabi/12.3.1/../../../../arm-none-eabi/lib/thumb/v8-m.main+fp/hard/libc_nano.a(libc_a-lock.o)
                0x08009b9c                __retarget_lock_init_recursive
 .text.__retarget_lock_acquire_recursive
                0x08009b9e        0x2 /Applications/STM32CubeIDE.app/Contents/Eclipse/plugins/com.st.stm32cube.ide.mcu.externaltools.gnu-tools-for-stm32.12.3.rel1.macos64_1.0.200.202406191456/tools/bin/../lib/gcc/arm-none-eabi/12.3.1/../../../../arm-none-eabi/lib/thumb/v8-m.main+fp/hard/libc_nano.a(libc_a-lock.o)
                0x08009b9e                __retarget_lock_acquire_recursive
 .text.__retarget_lock_release_recursive
                0x08009ba0        0x2 /Applications/STM32CubeIDE.app/Contents/Eclipse/plugins/com.st.stm32cube.ide.mcu.externaltools.gnu-tools-for-stm32.12.3.rel1.macos64_1.0.200.202406191456/tools/bin/../lib/gcc/arm-none-eabi/12.3.1/../../../../arm-none-eabi/lib/thumb/v8-m.main+fp/hard/libc_nano.a(libc_a-lock.o)
                0x08009ba0                __retarget_lock_release_recursive
 *fill*         0x08009ba2        0x2 
 .text.sbrk_aligned
                0x08009ba4       0x44 /Applications/STM32CubeIDE.app/Contents/Eclipse/plugins/com.st.stm32cube.ide.mcu.externaltools.gnu-tools-for-stm32.12.3.rel1.macos64_1.0.200.202406191456/tools/bin/../lib/gcc/arm-none-eabi/12.3.1/../../../../arm-none-eabi/lib/thumb/v8-m.main+fp/hard/libc_nano.a(libc_a-mallocr.o)
 .text._malloc_r
                0x08009be8      0x100 /Applications/STM32CubeIDE.app/Contents/Eclipse/plugins/com.st.stm32cube.ide.mcu.externaltools.gnu-tools-for-stm32.12.3.rel1.macos64_1.0.200.202406191456/tools/bin/../lib/gcc/arm-none-eabi/12.3.1/../../../../arm-none-eabi/lib/thumb/v8-m.main+fp/hard/libc_nano.a(libc_a-mallocr.o)
                0x08009be8                _malloc_r
 .text.__sflush_r
                0x08009ce8      0x108 /Applications/STM32CubeIDE.app/Contents/Eclipse/plugins/com.st.stm32cube.ide.mcu.externaltools.gnu-tools-for-stm32.12.3.rel1.macos64_1.0.200.202406191456/tools/bin/../lib/gcc/arm-none-eabi/12.3.1/../../../../arm-none-eabi/lib/thumb/v8-m.main+fp/hard/libc_nano.a(libc_a-fflush.o)
                0x08009ce8                __sflush_r
 .text._fflush_r
                0x08009df0       0x50 /Applications/STM32CubeIDE.app/Contents/Eclipse/plugins/com.st.stm32cube.ide.mcu.externaltools.gnu-tools-for-stm32.12.3.rel1.macos64_1.0.200.202406191456/tools/bin/../lib/gcc/arm-none-eabi/12.3.1/../../../../arm-none-eabi/lib/thumb/v8-m.main+fp/hard/libc_nano.a(libc_a-fflush.o)
                0x08009df0                _fflush_r
 .text.__malloc_lock
                0x08009e40        0xc /Applications/STM32CubeIDE.app/Contents/Eclipse/plugins/com.st.stm32cube.ide.mcu.externaltools.gnu-tools-for-stm32.12.3.rel1.macos64_1.0.200.202406191456/tools/bin/../lib/gcc/arm-none-eabi/12.3.1/../../../../arm-none-eabi/lib/thumb/v8-m.main+fp/hard/libc_nano.a(libc_a-mlock.o)
                0x08009e40                __malloc_lock
 .text.__malloc_unlock
                0x08009e4c        0xc /Applications/STM32CubeIDE.app/Contents/Eclipse/plugins/com.st.stm32cube.ide.mcu.externaltools.gnu-tools-for-stm32.12.3.rel1.macos64_1.0.200.202406191456/tools/bin/../lib/gcc/arm-none-eabi/12.3.1/../../../../arm-none-eabi/lib/thumb/v8-m.main+fp/hard/libc_nano.a(libc_a-mlock.o)
                0x08009e4c                __malloc_unlock
 .text.__sread  0x08009e58       0x22 /Applications/STM32CubeIDE.app/Contents/Eclipse/plugins/com.st.stm32cube.ide.mcu.externaltools.gnu-tools-for-stm32.12.3.rel1.macos64_1.0.200.202406191456/tools/bin/../lib/gcc/arm-none-eabi/12.3.1/../../../../arm-none-eabi/lib/thumb/v8-m.main+fp/hard/libc_nano.a(libc_a-stdio.o)
                0x08009e58                __sread
 .text.__swrite
                0x08009e7a       0x38 /Applications/STM32CubeIDE.app/Contents/Eclipse/plugins/com.st.stm32cube.ide.mcu.externaltools.gnu-tools-for-stm32.12.3.rel1.macos64_1.0.200.202406191456/tools/bin/../lib/gcc/arm-none-eabi/12.3.1/../../../../arm-none-eabi/lib/thumb/v8-m.main+fp/hard/libc_nano.a(libc_a-stdio.o)
                0x08009e7a                __swrite
 .text.__sseek  0x08009eb2       0x24 /Applications/STM32CubeIDE.app/Contents/Eclipse/plugins/com.st.stm32cube.ide.mcu.externaltools.gnu-tools-for-stm32.12.3.rel1.macos64_1.0.200.202406191456/tools/bin/../lib/gcc/arm-none-eabi/12.3.1/../../../../arm-none-eabi/lib/thumb/v8-m.main+fp/hard/libc_nano.a(libc_a-stdio.o)
                0x08009eb2                __sseek
 .text.__sclose
                0x08009ed6        0x8 /Applications/STM32CubeIDE.app/Contents/Eclipse/plugins/com.st.stm32cube.ide.mcu.externaltools.gnu-tools-for-stm32.12.3.rel1.macos64_1.0.200.202406191456/tools/bin/../lib/gcc/arm-none-eabi/12.3.1/../../../../arm-none-eabi/lib/thumb/v8-m.main+fp/hard/libc_nano.a(libc_a-stdio.o)
                0x08009ed6                __sclose
 .text.__swbuf_r
                0x08009ede       0x7c /Applications/STM32CubeIDE.app/Contents/Eclipse/plugins/com.st.stm32cube.ide.mcu.externaltools.gnu-tools-for-stm32.12.3.rel1.macos64_1.0.200.202406191456/tools/bin/../lib/gcc/arm-none-eabi/12.3.1/../../../../arm-none-eabi/lib/thumb/v8-m.main+fp/hard/libc_nano.a(libc_a-wbuf.o)
                0x08009ede                __swbuf_r
 *fill*         0x08009f5a        0x2 
 .text.__swsetup_r
                0x08009f5c       0xac /Applications/STM32CubeIDE.app/Contents/Eclipse/plugins/com.st.stm32cube.ide.mcu.externaltools.gnu-tools-for-stm32.12.3.rel1.macos64_1.0.200.202406191456/tools/bin/../lib/gcc/arm-none-eabi/12.3.1/../../../../arm-none-eabi/lib/thumb/v8-m.main+fp/hard/libc_nano.a(libc_a-wsetup.o)
                0x08009f5c                __swsetup_r
 .text.__swhatbuf_r
                0x0800a008       0x4a /Applications/STM32CubeIDE.app/Contents/Eclipse/plugins/com.st.stm32cube.ide.mcu.externaltools.gnu-tools-for-stm32.12.3.rel1.macos64_1.0.200.202406191456/tools/bin/../lib/gcc/arm-none-eabi/12.3.1/../../../../arm-none-eabi/lib/thumb/v8-m.main+fp/hard/libc_nano.a(libc_a-makebuf.o)
                0x0800a008                __swhatbuf_r
 .text.__smakebuf_r
                0x0800a052       0x78 /Applications/STM32CubeIDE.app/Contents/Eclipse/plugins/com.st.stm32cube.ide.mcu.externaltools.gnu-tools-for-stm32.12.3.rel1.macos64_1.0.200.202406191456/tools/bin/../lib/gcc/arm-none-eabi/12.3.1/../../../../arm-none-eabi/lib/thumb/v8-m.main+fp/hard/libc_nano.a(libc_a-makebuf.o)
                0x0800a052                __smakebuf_r
 *fill*         0x0800a0ca        0x2 
 .text._close_r
                0x0800a0cc       0x20 /Applications/STM32CubeIDE.app/Contents/Eclipse/plugins/com.st.stm32cube.ide.mcu.externaltools.gnu-tools-for-stm32.12.3.rel1.macos64_1.0.200.202406191456/tools/bin/../lib/gcc/arm-none-eabi/12.3.1/../../../../arm-none-eabi/lib/thumb/v8-m.main+fp/hard/libc_nano.a(libc_a-closer.o)
                0x0800a0cc                _close_r
 .text._fstat_r
                0x0800a0ec       0x24 /Applications/STM32CubeIDE.app/Contents/Eclipse/plugins/com.st.stm32cube.ide.mcu.externaltools.gnu-tools-for-stm32.12.3.rel1.macos64_1.0.200.202406191456/tools/bin/../lib/gcc/arm-none-eabi/12.3.1/../../../../arm-none-eabi/lib/thumb/v8-m.main+fp/hard/libc_nano.a(libc_a-fstatr.o)
                0x0800a0ec                _fstat_r
 .text._isatty_r
                0x0800a110       0x20 /Applications/STM32CubeIDE.app/Contents/Eclipse/plugins/com.st.stm32cube.ide.mcu.externaltools.gnu-tools-for-stm32.12.3.rel1.macos64_1.0.200.202406191456/tools/bin/../lib/gcc/arm-none-eabi/12.3.1/../../../../arm-none-eabi/lib/thumb/v8-m.main+fp/hard/libc_nano.a(libc_a-isattyr.o)
                0x0800a110                _isatty_r
 .text._lseek_r
                0x0800a130       0x24 /Applications/STM32CubeIDE.app/Contents/Eclipse/plugins/com.st.stm32cube.ide.mcu.externaltools.gnu-tools-for-stm32.12.3.rel1.macos64_1.0.200.202406191456/tools/bin/../lib/gcc/arm-none-eabi/12.3.1/../../../../arm-none-eabi/lib/thumb/v8-m.main+fp/hard/libc_nano.a(libc_a-lseekr.o)
                0x0800a130                _lseek_r
 .text._read_r  0x0800a154       0x24 /Applications/STM32CubeIDE.app/Contents/Eclipse/plugins/com.st.stm32cube.ide.mcu.externaltools.gnu-tools-for-stm32.12.3.rel1.macos64_1.0.200.202406191456/tools/bin/../lib/gcc/arm-none-eabi/12.3.1/../../../../arm-none-eabi/lib/thumb/v8-m.main+fp/hard/libc_nano.a(libc_a-readr.o)
                0x0800a154                _read_r
 .text._sbrk_r  0x0800a178       0x20 /Applications/STM32CubeIDE.app/Contents/Eclipse/plugins/com.st.stm32cube.ide.mcu.externaltools.gnu-tools-for-stm32.12.3.rel1.macos64_1.0.200.202406191456/tools/bin/../lib/gcc/arm-none-eabi/12.3.1/../../../../arm-none-eabi/lib/thumb/v8-m.main+fp/hard/libc_nano.a(libc_a-sbrkr.o)
                0x0800a178                _sbrk_r
 .text._write_r
                0x0800a198       0x24 /Applications/STM32CubeIDE.app/Contents/Eclipse/plugins/com.st.stm32cube.ide.mcu.externaltools.gnu-tools-for-stm32.12.3.rel1.macos64_1.0.200.202406191456/tools/bin/../lib/gcc/arm-none-eabi/12.3.1/../../../../arm-none-eabi/lib/thumb/v8-m.main+fp/hard/libc_nano.a(libc_a-writer.o)
                0x0800a198                _write_r
 .text._free_r  0x0800a1bc       0x94 /Applications/STM32CubeIDE.app/Contents/Eclipse/plugins/com.st.stm32cube.ide.mcu.externaltools.gnu-tools-for-stm32.12.3.rel1.macos64_1.0.200.202406191456/tools/bin/../lib/gcc/arm-none-eabi/12.3.1/../../../../arm-none-eabi/lib/thumb/v8-m.main+fp/hard/libc_nano.a(libc_a-freer.o)
                0x0800a1bc                _free_r
 *(.glue_7)
 .glue_7        0x0800a250        0x0 linker stubs
 *(.glue_7t)
 .glue_7t       0x0800a250        0x0 linker stubs
 *(.eh_frame)
 .eh_frame      0x0800a250        0x0 /Applications/STM32CubeIDE.app/Contents/Eclipse/plugins/com.st.stm32cube.ide.mcu.externaltools.gnu-tools-for-stm32.12.3.rel1.macos64_1.0.200.202406191456/tools/bin/../lib/gcc/arm-none-eabi/12.3.1/thumb/v8-m.main+fp/hard/crtbegin.o
 *(.init)
 .init          0x0800a250        0x4 /Applications/STM32CubeIDE.app/Contents/Eclipse/plugins/com.st.stm32cube.ide.mcu.externaltools.gnu-tools-for-stm32.12.3.rel1.macos64_1.0.200.202406191456/tools/bin/../lib/gcc/arm-none-eabi/12.3.1/thumb/v8-m.main+fp/hard/crti.o
                0x0800a250                _init
 .init          0x0800a254        0x8 /Applications/STM32CubeIDE.app/Contents/Eclipse/plugins/com.st.stm32cube.ide.mcu.externaltools.gnu-tools-for-stm32.12.3.rel1.macos64_1.0.200.202406191456/tools/bin/../lib/gcc/arm-none-eabi/12.3.1/thumb/v8-m.main+fp/hard/crtn.o
 *(.fini)
 .fini          0x0800a25c        0x4 /Applications/STM32CubeIDE.app/Contents/Eclipse/plugins/com.st.stm32cube.ide.mcu.externaltools.gnu-tools-for-stm32.12.3.rel1.macos64_1.0.200.202406191456/tools/bin/../lib/gcc/arm-none-eabi/12.3.1/thumb/v8-m.main+fp/hard/crti.o
                0x0800a25c                _fini
 .fini          0x0800a260        0x8 /Applications/STM32CubeIDE.app/Contents/Eclipse/plugins/com.st.stm32cube.ide.mcu.externaltools.gnu-tools-for-stm32.12.3.rel1.macos64_1.0.200.202406191456/tools/bin/../lib/gcc/arm-none-eabi/12.3.1/thumb/v8-m.main+fp/hard/crtn.o
                0x0800a268                        _etext = .

.vfp11_veneer   0x0800a268        0x0
 .vfp11_veneer  0x0800a268        0x0 linker stubs

.v4_bx          0x0800a268        0x0
 .v4_bx         0x0800a268        0x0 linker stubs

.iplt           0x0800a268        0x0
 .iplt          0x0800a268        0x0 /Applications/STM32CubeIDE.app/Contents/Eclipse/plugins/com.st.stm32cube.ide.mcu.externaltools.gnu-tools-for-stm32.12.3.rel1.macos64_1.0.200.202406191456/tools/bin/../lib/gcc/arm-none-eabi/12.3.1/thumb/v8-m.main+fp/hard/crtbegin.o

.rodata         0x0800a268      0x394
 *(.rodata)
 .rodata        0x0800a268       0xd0 ./Core/Src/firmware.o
 .rodata        0x0800a338       0x22 ./Core/Src/ssm_smart_sensor_mlc.o
 *(.rodata*)
 *fill*         0x0800a35a        0x2 
 .rodata.mlc_configuration
                0x0800a35c      0x19e ./Core/Src/ssm_smart_sensor_mlc.o
                0x0800a35c                mlc_configuration
 *fill*         0x0800a4fa        0x2 
 .rodata.AHBPrescTable
                0x0800a4fc       0x10 ./Core/Src/system_stm32u5xx.o
                0x0800a4fc                AHBPrescTable
 .rodata.APBPrescTable
                0x0800a50c        0x8 ./Core/Src/system_stm32u5xx.o
                0x0800a50c                APBPrescTable
 .rodata.MSIRangeTable
                0x0800a514       0x40 ./Core/Src/system_stm32u5xx.o
                0x0800a514                MSIRangeTable
 .rodata.LPGPIO_Map
                0x0800a554       0x80 ./Drivers/STM32U5xx_HAL_Driver/Src/stm32u5xx_hal_gpio.o
 .rodata.UARTPrescTable
                0x0800a5d4       0x18 ./Drivers/STM32U5xx_HAL_Driver/Src/stm32u5xx_hal_uart.o
                0x0800a5d4                UARTPrescTable
 .rodata.numerator.1
                0x0800a5ec        0x8 ./Drivers/STM32U5xx_HAL_Driver/Src/stm32u5xx_hal_uart_ex.o
 .rodata.denominator.0
                0x0800a5f4        0x8 ./Drivers/STM32U5xx_HAL_Driver/Src/stm32u5xx_hal_uart_ex.o

.ARM.extab
 *(.ARM.extab* .gnu.linkonce.armextab.*)

.ARM            0x0800a5fc        0x8
                0x0800a5fc                        __exidx_start = .
 *(.ARM.exidx*)
 .ARM.exidx     0x0800a5fc        0x8 /Applications/STM32CubeIDE.app/Contents/Eclipse/plugins/com.st.stm32cube.ide.mcu.externaltools.gnu-tools-for-stm32.12.3.rel1.macos64_1.0.200.202406191456/tools/bin/../lib/gcc/arm-none-eabi/12.3.1/../../../../arm-none-eabi/lib/thumb/v8-m.main+fp/hard/libc_nano.a(libc_a-strlen.o)
 .ARM.exidx     0x0800a604        0x0 /Applications/STM32CubeIDE.app/Contents/Eclipse/plugins/com.st.stm32cube.ide.mcu.externaltools.gnu-tools-for-stm32.12.3.rel1.macos64_1.0.200.202406191456/tools/bin/../lib/gcc/arm-none-eabi/12.3.1/thumb/v8-m.main+fp/hard/libgcc.a(_udivmoddi4.o)
                                  0x8 (size before relaxing)
                0x0800a604                        __exidx_end = .

.preinit_array  0x0800a604        0x0
                0x0800a604                        PROVIDE (__preinit_array_start = .)
 *(.preinit_array*)
                0x0800a604                        PROVIDE (__preinit_array_end = .)

.init_array     0x0800a604        0x4
                0x0800a604                        PROVIDE (__init_array_start = .)
 *(SORT_BY_NAME(.init_array.*))
 *(.init_array*)
 .init_array    0x0800a604        0x4 /Applications/STM32CubeIDE.app/Contents/Eclipse/plugins/com.st.stm32cube.ide.mcu.externaltools.gnu-tools-for-stm32.12.3.rel1.macos64_1.0.200.202406191456/tools/bin/../lib/gcc/arm-none-eabi/12.3.1/thumb/v8-m.main+fp/hard/crtbegin.o
                0x0800a608                        PROVIDE (__init_array_end = .)

.fini_array     0x0800a608        0x4
                [!provide]                        PROVIDE (__fini_array_start = .)
 *(SORT_BY_NAME(.fini_array.*))
 *(.fini_array*)
 .fini_array    0x0800a608        0x4 /Applications/STM32CubeIDE.app/Contents/Eclipse/plugins/com.st.stm32cube.ide.mcu.externaltools.gnu-tools-for-stm32.12.3.rel1.macos64_1.0.200.202406191456/tools/bin/../lib/gcc/arm-none-eabi/12.3.1/thumb/v8-m.main+fp/hard/crtbegin.o
                [!provide]                        PROVIDE (__fini_array_end = .)
                0x0800a60c                        _sidata = LOADADDR (.data)

.rel.dyn        0x0800a60c        0x0
 .rel.iplt      0x0800a60c        0x0 /Applications/STM32CubeIDE.app/Contents/Eclipse/plugins/com.st.stm32cube.ide.mcu.externaltools.gnu-tools-for-stm32.12.3.rel1.macos64_1.0.200.202406191456/tools/bin/../lib/gcc/arm-none-eabi/12.3.1/thumb/v8-m.main+fp/hard/crtbegin.o

.data           0x20000000       0xe0 load address 0x0800a60c
                0x20000000                        _sdata = .
 *(.data)
 *(.data*)
 .data.SystemCoreClock
                0x20000000        0x4 ./Core/Src/system_stm32u5xx.o
                0x20000000                SystemCoreClock
 .data.LSM6DSV16X_COMMON_Driver
                0x20000004       0x10 ./Drivers/BSP/Components/lsm6dsv16x/lsm6dsv16x.o
                0x20000004                LSM6DSV16X_COMMON_Driver
 .data.LSM6DSV16X_ACC_Driver
                0x20000014       0x24 ./Drivers/BSP/Components/lsm6dsv16x/lsm6dsv16x.o
                0x20000014                LSM6DSV16X_ACC_Driver
 .data.LSM6DSV16X_GYRO_Driver
                0x20000038       0x24 ./Drivers/BSP/Components/lsm6dsv16x/lsm6dsv16x.o
                0x20000038                LSM6DSV16X_GYRO_Driver
 .data.uwTickPrio
                0x2000005c        0x4 ./Drivers/STM32U5xx_HAL_Driver/Src/stm32u5xx_hal.o
                0x2000005c                uwTickPrio
 .data.uwTickFreq
                0x20000060        0x1 ./Drivers/STM32U5xx_HAL_Driver/Src/stm32u5xx_hal.o
                0x20000060                uwTickFreq
 *fill*         0x20000061        0x3 
 .data.FunctionIndex
                0x20000064       0x20 ./X-CUBE-MEMS1/Target/custom_motion_sensors.o
 .data.__sglue  0x20000084        0xc /Applications/STM32CubeIDE.app/Contents/Eclipse/plugins/com.st.stm32cube.ide.mcu.externaltools.gnu-tools-for-stm32.12.3.rel1.macos64_1.0.200.202406191456/tools/bin/../lib/gcc/arm-none-eabi/12.3.1/../../../../arm-none-eabi/lib/thumb/v8-m.main+fp/hard/libc_nano.a(libc_a-findfp.o)
                0x20000084                __sglue
 .data._impure_ptr
                0x20000090        0x4 /Applications/STM32CubeIDE.app/Contents/Eclipse/plugins/com.st.stm32cube.ide.mcu.externaltools.gnu-tools-for-stm32.12.3.rel1.macos64_1.0.200.202406191456/tools/bin/../lib/gcc/arm-none-eabi/12.3.1/../../../../arm-none-eabi/lib/thumb/v8-m.main+fp/hard/libc_nano.a(libc_a-impure.o)
                0x20000090                _impure_ptr
 .data._impure_data
                0x20000094       0x4c /Applications/STM32CubeIDE.app/Contents/Eclipse/plugins/com.st.stm32cube.ide.mcu.externaltools.gnu-tools-for-stm32.12.3.rel1.macos64_1.0.200.202406191456/tools/bin/../lib/gcc/arm-none-eabi/12.3.1/../../../../arm-none-eabi/lib/thumb/v8-m.main+fp/hard/libc_nano.a(libc_a-impure.o)
                0x20000094                _impure_data
 *(.RamFunc)
 *(.RamFunc*)
                0x200000e0                        _edata = .

.igot.plt       0x200000e0        0x0 load address 0x0800a6ec
 .igot.plt      0x200000e0        0x0 /Applications/STM32CubeIDE.app/Contents/Eclipse/plugins/com.st.stm32cube.ide.mcu.externaltools.gnu-tools-for-stm32.12.3.rel1.macos64_1.0.200.202406191456/tools/bin/../lib/gcc/arm-none-eabi/12.3.1/thumb/v8-m.main+fp/hard/crtbegin.o

.bss            0x200000e0      0x30c load address 0x0800a6ec
                0x200000e0                        _sbss = .
                0x200000e0                        __bss_start__ = _sbss
 *(.bss)
 .bss           0x200000e0       0x1c /Applications/STM32CubeIDE.app/Contents/Eclipse/plugins/com.st.stm32cube.ide.mcu.externaltools.gnu-tools-for-stm32.12.3.rel1.macos64_1.0.200.202406191456/tools/bin/../lib/gcc/arm-none-eabi/12.3.1/thumb/v8-m.main+fp/hard/crtbegin.o
 *(.bss*)
 .bss.hcrc      0x200000fc       0x24 ./Core/Src/main.o
                0x200000fc                hcrc
 .bss.huart4    0x20000120       0x94 ./Core/Src/main.o
                0x20000120                huart4
 .bss.__sbrk_heap_end
                0x200001b4        0x4 ./Core/Src/sysmem.o
 .bss.hspi2     0x200001b8       0x90 ./Drivers/BSP/STEVAL-MKBOXPRO/steval_mkboxpro_bus.o
                0x200001b8                hspi2
 .bss.SPI2InitCounter
                0x20000248        0x4 ./Drivers/BSP/STEVAL-MKBOXPRO/steval_mkboxpro_bus.o
 .bss.uwTick    0x2000024c        0x4 ./Drivers/STM32U5xx_HAL_Driver/Src/stm32u5xx_hal.o
                0x2000024c                uwTick
 .bss.MotionCompObj
                0x20000250        0x4 ./X-CUBE-MEMS1/Target/custom_motion_sensors.o
                0x20000250                MotionCompObj
 .bss.MotionFuncDrv
                0x20000254        0xc ./X-CUBE-MEMS1/Target/custom_motion_sensors.o
 .bss.MotionDrv
                0x20000260        0x4 ./X-CUBE-MEMS1/Target/custom_motion_sensors.o
 .bss.MotionCtx
                0x20000264        0x4 ./X-CUBE-MEMS1/Target/custom_motion_sensors.o
 .bss.lsm6dsv16x_obj_0.0
                0x20000268       0x38 ./X-CUBE-MEMS1/Target/custom_motion_sensors.o
 .bss.__sf      0x200002a0      0x138 /Applications/STM32CubeIDE.app/Contents/Eclipse/plugins/com.st.stm32cube.ide.mcu.externaltools.gnu-tools-for-stm32.12.3.rel1.macos64_1.0.200.202406191456/tools/bin/../lib/gcc/arm-none-eabi/12.3.1/../../../../arm-none-eabi/lib/thumb/v8-m.main+fp/hard/libc_nano.a(libc_a-findfp.o)
                0x200002a0                __sf
 .bss.__stdio_exit_handler
                0x200003d8        0x4 /Applications/STM32CubeIDE.app/Contents/Eclipse/plugins/com.st.stm32cube.ide.mcu.externaltools.gnu-tools-for-stm32.12.3.rel1.macos64_1.0.200.202406191456/tools/bin/../lib/gcc/arm-none-eabi/12.3.1/../../../../arm-none-eabi/lib/thumb/v8-m.main+fp/hard/libc_nano.a(libc_a-findfp.o)
                0x200003d8                __stdio_exit_handler
 .bss.__lock___malloc_recursive_mutex
                0x200003dc        0x1 /Applications/STM32CubeIDE.app/Contents/Eclipse/plugins/com.st.stm32cube.ide.mcu.externaltools.gnu-tools-for-stm32.12.3.rel1.macos64_1.0.200.202406191456/tools/bin/../lib/gcc/arm-none-eabi/12.3.1/../../../../arm-none-eabi/lib/thumb/v8-m.main+fp/hard/libc_nano.a(libc_a-lock.o)
                0x200003dc                __lock___malloc_recursive_mutex
 .bss.__lock___sfp_recursive_mutex
                0x200003dd        0x1 /Applications/STM32CubeIDE.app/Contents/Eclipse/plugins/com.st.stm32cube.ide.mcu.externaltools.gnu-tools-for-stm32.12.3.rel1.macos64_1.0.200.202406191456/tools/bin/../lib/gcc/arm-none-eabi/12.3.1/../../../../arm-none-eabi/lib/thumb/v8-m.main+fp/hard/libc_nano.a(libc_a-lock.o)
                0x200003dd                __lock___sfp_recursive_mutex
 *fill*         0x200003de        0x2 
 .bss.__malloc_sbrk_start
                0x200003e0        0x4 /Applications/STM32CubeIDE.app/Contents/Eclipse/plugins/com.st.stm32cube.ide.mcu.externaltools.gnu-tools-for-stm32.12.3.rel1.macos64_1.0.200.202406191456/tools/bin/../lib/gcc/arm-none-eabi/12.3.1/../../../../arm-none-eabi/lib/thumb/v8-m.main+fp/hard/libc_nano.a(libc_a-mallocr.o)
                0x200003e0                __malloc_sbrk_start
 .bss.__malloc_free_list
                0x200003e4        0x4 /Applications/STM32CubeIDE.app/Contents/Eclipse/plugins/com.st.stm32cube.ide.mcu.externaltools.gnu-tools-for-stm32.12.3.rel1.macos64_1.0.200.202406191456/tools/bin/../lib/gcc/arm-none-eabi/12.3.1/../../../../arm-none-eabi/lib/thumb/v8-m.main+fp/hard/libc_nano.a(libc_a-mallocr.o)
                0x200003e4                __malloc_free_list
 .bss.errno     0x200003e8        0x4 /Applications/STM32CubeIDE.app/Contents/Eclipse/plugins/com.st.stm32cube.ide.mcu.externaltools.gnu-tools-for-stm32.12.3.rel1.macos64_1.0.200.202406191456/tools/bin/../lib/gcc/arm-none-eabi/12.3.1/../../../../arm-none-eabi/lib/thumb/v8-m.main+fp/hard/libc_nano.a(libc_a-reent.o)
                0x200003e8                errno
 *(COMMON)
                0x200003ec                        _ebss = .
                0x200003ec                        __bss_end__ = _ebss

._user_heap_stack
                0x200003ec      0x604 load address 0x0800a6ec
                0x200003f0                        . = ALIGN (0x8)
 *fill*         0x200003ec        0x4 
                [!provide]                        PROVIDE (end = .)
                0x200003f0                        PROVIDE (_end = .)
                0x200005f0                        . = (. + _Min_Heap_Size)
 *fill*         0x200003f0      0x200 
                0x200009f0                        . = (. + _Min_Stack_Size)
 *fill*         0x200005f0      0x400 
                0x200009f0                        . = ALIGN (0x8)

/DISCARD/
 libc.a(*)
 libm.a(*)
 libgcc.a(*)

.ARM.attributes
                0x00000000       0x36
 *(.ARM.attributes)
 .ARM.attributes
                0x00000000       0x26 /Applications/STM32CubeIDE.app/Contents/Eclipse/plugins/com.st.stm32cube.ide.mcu.externaltools.gnu-tools-for-stm32.12.3.rel1.macos64_1.0.200.202406191456/tools/bin/../lib/gcc/arm-none-eabi/12.3.1/thumb/v8-m.main+fp/hard/crti.o
 .ARM.attributes
                0x00000026       0x38 /Applications/STM32CubeIDE.app/Contents/Eclipse/plugins/com.st.stm32cube.ide.mcu.externaltools.gnu-tools-for-stm32.12.3.rel1.macos64_1.0.200.202406191456/tools/bin/../lib/gcc/arm-none-eabi/12.3.1/thumb/v8-m.main+fp/hard/crtbegin.o
 .ARM.attributes
                0x0000005e       0x3a ./Core/Src/firmware.o
 .ARM.attributes
                0x00000098       0x3a ./Core/Src/main.o
 .ARM.attributes
                0x000000d2       0x3a ./Core/Src/ssm_smart_sensor_mlc.o
 .ARM.attributes
                0x0000010c       0x3a ./Core/Src/stm32u5xx_hal_msp.o
 .ARM.attributes
                0x00000146       0x3a ./Core/Src/stm32u5xx_it.o
 .ARM.attributes
                0x00000180       0x3a ./Core/Src/syscalls.o
 .ARM.attributes
                0x000001ba       0x3a ./Core/Src/sysmem.o
 .ARM.attributes
                0x000001f4       0x3a ./Core/Src/system_stm32u5xx.o
 .ARM.attributes
                0x0000022e       0x24 ./Core/Startup/startup_stm32u585aiixq.o
 .ARM.attributes
                0x00000252       0x3a ./Drivers/BSP/Components/lsm6dsv16x/lsm6dsv16x.o
 .ARM.attributes
                0x0000028c       0x3a ./Drivers/BSP/Components/lsm6dsv16x/lsm6dsv16x_reg.o
 .ARM.attributes
                0x000002c6       0x3a ./Drivers/BSP/STEVAL-MKBOXPRO/steval_mkboxpro_bus.o
 .ARM.attributes
                0x00000300       0x3a ./Drivers/STM32U5xx_HAL_Driver/Src/stm32u5xx_hal.o
 .ARM.attributes
                0x0000033a       0x3a ./Drivers/STM32U5xx_HAL_Driver/Src/stm32u5xx_hal_cortex.o
 .ARM.attributes
                0x00000374       0x3a ./Drivers/STM32U5xx_HAL_Driver/Src/stm32u5xx_hal_crc.o
 .ARM.attributes
                0x000003ae       0x3a ./Drivers/STM32U5xx_HAL_Driver/Src/stm32u5xx_hal_crc_ex.o
 .ARM.attributes
                0x000003e8       0x3a ./Drivers/STM32U5xx_HAL_Driver/Src/stm32u5xx_hal_gpio.o
 .ARM.attributes
                0x00000422       0x3a ./Drivers/STM32U5xx_HAL_Driver/Src/stm32u5xx_hal_icache.o
 .ARM.attributes
                0x0000045c       0x3a ./Drivers/STM32U5xx_HAL_Driver/Src/stm32u5xx_hal_pwr_ex.o
 .ARM.attributes
                0x00000496       0x3a ./Drivers/STM32U5xx_HAL_Driver/Src/stm32u5xx_hal_rcc.o
 .ARM.attributes
                0x000004d0       0x3a ./Drivers/STM32U5xx_HAL_Driver/Src/stm32u5xx_hal_rcc_ex.o
 .ARM.attributes
                0x0000050a       0x3a ./Drivers/STM32U5xx_HAL_Driver/Src/stm32u5xx_hal_spi.o
 .ARM.attributes
                0x00000544       0x3a ./Drivers/STM32U5xx_HAL_Driver/Src/stm32u5xx_hal_spi_ex.o
 .ARM.attributes
                0x0000057e       0x3a ./Drivers/STM32U5xx_HAL_Driver/Src/stm32u5xx_hal_uart.o
 .ARM.attributes
                0x000005b8       0x3a ./Drivers/STM32U5xx_HAL_Driver/Src/stm32u5xx_hal_uart_ex.o
 .ARM.attributes
                0x000005f2       0x3a ./X-CUBE-MEMS1/Target/custom_motion_sensors.o
 .ARM.attributes
                0x0000062c       0x3a ./X-CUBE-MEMS1/Target/custom_motion_sensors_ex.o
 .ARM.attributes
                0x00000666       0x38 /Applications/STM32CubeIDE.app/Contents/Eclipse/plugins/com.st.stm32cube.ide.mcu.externaltools.gnu-tools-for-stm32.12.3.rel1.macos64_1.0.200.202406191456/tools/bin/../lib/gcc/arm-none-eabi/12.3.1/../../../../arm-none-eabi/lib/thumb/v8-m.main+fp/hard/libc_nano.a(libc_a-findfp.o)
 .ARM.attributes
                0x0000069e       0x38 /Applications/STM32CubeIDE.app/Contents/Eclipse/plugins/com.st.stm32cube.ide.mcu.externaltools.gnu-tools-for-stm32.12.3.rel1.macos64_1.0.200.202406191456/tools/bin/../lib/gcc/arm-none-eabi/12.3.1/../../../../arm-none-eabi/lib/thumb/v8-m.main+fp/hard/libc_nano.a(libc_a-fwalk.o)
 .ARM.attributes
                0x000006d6       0x38 /Applications/STM32CubeIDE.app/Contents/Eclipse/plugins/com.st.stm32cube.ide.mcu.externaltools.gnu-tools-for-stm32.12.3.rel1.macos64_1.0.200.202406191456/tools/bin/../lib/gcc/arm-none-eabi/12.3.1/../../../../arm-none-eabi/lib/thumb/v8-m.main+fp/hard/libc_nano.a(libc_a-puts.o)
 .ARM.attributes
                0x0000070e       0x38 /Applications/STM32CubeIDE.app/Contents/Eclipse/plugins/com.st.stm32cube.ide.mcu.externaltools.gnu-tools-for-stm32.12.3.rel1.macos64_1.0.200.202406191456/tools/bin/../lib/gcc/arm-none-eabi/12.3.1/../../../../arm-none-eabi/lib/thumb/v8-m.main+fp/hard/libc_nano.a(libc_a-memset.o)
 .ARM.attributes
                0x00000746       0x38 /Applications/STM32CubeIDE.app/Contents/Eclipse/plugins/com.st.stm32cube.ide.mcu.externaltools.gnu-tools-for-stm32.12.3.rel1.macos64_1.0.200.202406191456/tools/bin/../lib/gcc/arm-none-eabi/12.3.1/../../../../arm-none-eabi/lib/thumb/v8-m.main+fp/hard/libc_nano.a(libc_a-impure.o)
 .ARM.attributes
                0x0000077e       0x38 /Applications/STM32CubeIDE.app/Contents/Eclipse/plugins/com.st.stm32cube.ide.mcu.externaltools.gnu-tools-for-stm32.12.3.rel1.macos64_1.0.200.202406191456/tools/bin/../lib/gcc/arm-none-eabi/12.3.1/../../../../arm-none-eabi/lib/thumb/v8-m.main+fp/hard/libc_nano.a(libc_a-errno.o)
 .ARM.attributes
                0x000007b6       0x38 /Applications/STM32CubeIDE.app/Contents/Eclipse/plugins/com.st.stm32cube.ide.mcu.externaltools.gnu-tools-for-stm32.12.3.rel1.macos64_1.0.200.202406191456/tools/bin/../lib/gcc/arm-none-eabi/12.3.1/../../../../arm-none-eabi/lib/thumb/v8-m.main+fp/hard/libc_nano.a(libc_a-init.o)
 .ARM.attributes
                0x000007ee       0x38 /Applications/STM32CubeIDE.app/Contents/Eclipse/plugins/com.st.stm32cube.ide.mcu.externaltools.gnu-tools-for-stm32.12.3.rel1.macos64_1.0.200.202406191456/tools/bin/../lib/gcc/arm-none-eabi/12.3.1/../../../../arm-none-eabi/lib/thumb/v8-m.main+fp/hard/libc_nano.a(libc_a-lock.o)
 .ARM.attributes
                0x00000826       0x24 /Applications/STM32CubeIDE.app/Contents/Eclipse/plugins/com.st.stm32cube.ide.mcu.externaltools.gnu-tools-for-stm32.12.3.rel1.macos64_1.0.200.202406191456/tools/bin/../lib/gcc/arm-none-eabi/12.3.1/../../../../arm-none-eabi/lib/thumb/v8-m.main+fp/hard/libc_nano.a(libc_a-strlen.o)
 .ARM.attributes
                0x0000084a       0x38 /Applications/STM32CubeIDE.app/Contents/Eclipse/plugins/com.st.stm32cube.ide.mcu.externaltools.gnu-tools-for-stm32.12.3.rel1.macos64_1.0.200.202406191456/tools/bin/../lib/gcc/arm-none-eabi/12.3.1/../../../../arm-none-eabi/lib/thumb/v8-m.main+fp/hard/libc_nano.a(libc_a-mallocr.o)
 .ARM.attributes
                0x00000882       0x38 /Applications/STM32CubeIDE.app/Contents/Eclipse/plugins/com.st.stm32cube.ide.mcu.externaltools.gnu-tools-for-stm32.12.3.rel1.macos64_1.0.200.202406191456/tools/bin/../lib/gcc/arm-none-eabi/12.3.1/../../../../arm-none-eabi/lib/thumb/v8-m.main+fp/hard/libc_nano.a(libc_a-fflush.o)
 .ARM.attributes
                0x000008ba       0x38 /Applications/STM32CubeIDE.app/Contents/Eclipse/plugins/com.st.stm32cube.ide.mcu.externaltools.gnu-tools-for-stm32.12.3.rel1.macos64_1.0.200.202406191456/tools/bin/../lib/gcc/arm-none-eabi/12.3.1/../../../../arm-none-eabi/lib/thumb/v8-m.main+fp/hard/libc_nano.a(libc_a-mlock.o)
 .ARM.attributes
                0x000008f2       0x38 /Applications/STM32CubeIDE.app/Contents/Eclipse/plugins/com.st.stm32cube.ide.mcu.externaltools.gnu-tools-for-stm32.12.3.rel1.macos64_1.0.200.202406191456/tools/bin/../lib/gcc/arm-none-eabi/12.3.1/../../../../arm-none-eabi/lib/thumb/v8-m.main+fp/hard/libc_nano.a(libc_a-stdio.o)
 .ARM.attributes
                0x0000092a       0x38 /Applications/STM32CubeIDE.app/Contents/Eclipse/plugins/com.st.stm32cube.ide.mcu.externaltools.gnu-tools-for-stm32.12.3.rel1.macos64_1.0.200.202406191456/tools/bin/../lib/gcc/arm-none-eabi/12.3.1/../../../../arm-none-eabi/lib/thumb/v8-m.main+fp/hard/libc_nano.a(libc_a-wbuf.o)
 .ARM.attributes
                0x00000962       0x38 /Applications/STM32CubeIDE.app/Contents/Eclipse/plugins/com.st.stm32cube.ide.mcu.externaltools.gnu-tools-for-stm32.12.3.rel1.macos64_1.0.200.202406191456/tools/bin/../lib/gcc/arm-none-eabi/12.3.1/../../../../arm-none-eabi/lib/thumb/v8-m.main+fp/hard/libc_nano.a(libc_a-wsetup.o)
 .ARM.attributes
                0x0000099a       0x38 /Applications/STM32CubeIDE.app/Contents/Eclipse/plugins/com.st.stm32cube.ide.mcu.externaltools.gnu-tools-for-stm32.12.3.rel1.macos64_1.0.200.202406191456/tools/bin/../lib/gcc/arm-none-eabi/12.3.1/../../../../arm-none-eabi/lib/thumb/v8-m.main+fp/hard/libc_nano.a(libc_a-makebuf.o)
 .ARM.attributes
                0x000009d2       0x38 /Applications/STM32CubeIDE.app/Contents/Eclipse/plugins/com.st.stm32cube.ide.mcu.externaltools.gnu-tools-for-stm32.12.3.rel1.macos64_1.0.200.202406191456/tools/bin/../lib/gcc/arm-none-eabi/12.3.1/../../../../arm-none-eabi/lib/thumb/v8-m.main+fp/hard/libc_nano.a(libc_a-closer.o)
 .ARM.attributes
                0x00000a0a       0x38 /Applications/STM32CubeIDE.app/Contents/Eclipse/plugins/com.st.stm32cube.ide.mcu.externaltools.gnu-tools-for-stm32.12.3.rel1.macos64_1.0.200.202406191456/tools/bin/../lib/gcc/arm-none-eabi/12.3.1/../../../../arm-none-eabi/lib/thumb/v8-m.main+fp/hard/libc_nano.a(libc_a-reent.o)
 .ARM.attributes
                0x00000a42       0x38 /Applications/STM32CubeIDE.app/Contents/Eclipse/plugins/com.st.stm32cube.ide.mcu.externaltools.gnu-tools-for-stm32.12.3.rel1.macos64_1.0.200.202406191456/tools/bin/../lib/gcc/arm-none-eabi/12.3.1/../../../../arm-none-eabi/lib/thumb/v8-m.main+fp/hard/libc_nano.a(libc_a-fstatr.o)
 .ARM.attributes
                0x00000a7a       0x38 /Applications/STM32CubeIDE.app/Contents/Eclipse/plugins/com.st.stm32cube.ide.mcu.externaltools.gnu-tools-for-stm32.12.3.rel1.macos64_1.0.200.202406191456/tools/bin/../lib/gcc/arm-none-eabi/12.3.1/../../../../arm-none-eabi/lib/thumb/v8-m.main+fp/hard/libc_nano.a(libc_a-isattyr.o)
 .ARM.attributes
                0x00000ab2       0x38 /Applications/STM32CubeIDE.app/Contents/Eclipse/plugins/com.st.stm32cube.ide.mcu.externaltools.gnu-tools-for-stm32.12.3.rel1.macos64_1.0.200.202406191456/tools/bin/../lib/gcc/arm-none-eabi/12.3.1/../../../../arm-none-eabi/lib/thumb/v8-m.main+fp/hard/libc_nano.a(libc_a-lseekr.o)
 .ARM.attributes
                0x00000aea       0x38 /Applications/STM32CubeIDE.app/Contents/Eclipse/plugins/com.st.stm32cube.ide.mcu.externaltools.gnu-tools-for-stm32.12.3.rel1.macos64_1.0.200.202406191456/tools/bin/../lib/gcc/arm-none-eabi/12.3.1/../../../../arm-none-eabi/lib/thumb/v8-m.main+fp/hard/libc_nano.a(libc_a-readr.o)
 .ARM.attributes
                0x00000b22       0x38 /Applications/STM32CubeIDE.app/Contents/Eclipse/plugins/com.st.stm32cube.ide.mcu.externaltools.gnu-tools-for-stm32.12.3.rel1.macos64_1.0.200.202406191456/tools/bin/../lib/gcc/arm-none-eabi/12.3.1/../../../../arm-none-eabi/lib/thumb/v8-m.main+fp/hard/libc_nano.a(libc_a-sbrkr.o)
 .ARM.attributes
                0x00000b5a       0x38 /Applications/STM32CubeIDE.app/Contents/Eclipse/plugins/com.st.stm32cube.ide.mcu.externaltools.gnu-tools-for-stm32.12.3.rel1.macos64_1.0.200.202406191456/tools/bin/../lib/gcc/arm-none-eabi/12.3.1/../../../../arm-none-eabi/lib/thumb/v8-m.main+fp/hard/libc_nano.a(libc_a-writer.o)
 .ARM.attributes
                0x00000b92       0x38 /Applications/STM32CubeIDE.app/Contents/Eclipse/plugins/com.st.stm32cube.ide.mcu.externaltools.gnu-tools-for-stm32.12.3.rel1.macos64_1.0.200.202406191456/tools/bin/../lib/gcc/arm-none-eabi/12.3.1/../../../../arm-none-eabi/lib/thumb/v8-m.main+fp/hard/libc_nano.a(libc_a-freer.o)
 .ARM.attributes
                0x00000bca       0x26 /Applications/STM32CubeIDE.app/Contents/Eclipse/plugins/com.st.stm32cube.ide.mcu.externaltools.gnu-tools-for-stm32.12.3.rel1.macos64_1.0.200.202406191456/tools/bin/../lib/gcc/arm-none-eabi/12.3.1/thumb/v8-m.main+fp/hard/libgcc.a(_aeabi_uldivmod.o)
 .ARM.attributes
                0x00000bf0       0x38 /Applications/STM32CubeIDE.app/Contents/Eclipse/plugins/com.st.stm32cube.ide.mcu.externaltools.gnu-tools-for-stm32.12.3.rel1.macos64_1.0.200.202406191456/tools/bin/../lib/gcc/arm-none-eabi/12.3.1/thumb/v8-m.main+fp/hard/libgcc.a(_udivmoddi4.o)
 .ARM.attributes
                0x00000c28       0x26 /Applications/STM32CubeIDE.app/Contents/Eclipse/plugins/com.st.stm32cube.ide.mcu.externaltools.gnu-tools-for-stm32.12.3.rel1.macos64_1.0.200.202406191456/tools/bin/../lib/gcc/arm-none-eabi/12.3.1/thumb/v8-m.main+fp/hard/libgcc.a(_dvmd_tls.o)
 .ARM.attributes
                0x00000c4e       0x26 /Applications/STM32CubeIDE.app/Contents/Eclipse/plugins/com.st.stm32cube.ide.mcu.externaltools.gnu-tools-for-stm32.12.3.rel1.macos64_1.0.200.202406191456/tools/bin/../lib/gcc/arm-none-eabi/12.3.1/thumb/v8-m.main+fp/hard/crtn.o
OUTPUT(Firmware2.elf elf32-littlearm)
LOAD linker stubs
LOAD /Applications/STM32CubeIDE.app/Contents/Eclipse/plugins/com.st.stm32cube.ide.mcu.externaltools.gnu-tools-for-stm32.12.3.rel1.macos64_1.0.200.202406191456/tools/bin/../lib/gcc/arm-none-eabi/12.3.1/../../../../arm-none-eabi/lib/thumb/v8-m.main+fp/hard/libc.a
LOAD /Applications/STM32CubeIDE.app/Contents/Eclipse/plugins/com.st.stm32cube.ide.mcu.externaltools.gnu-tools-for-stm32.12.3.rel1.macos64_1.0.200.202406191456/tools/bin/../lib/gcc/arm-none-eabi/12.3.1/../../../../arm-none-eabi/lib/thumb/v8-m.main+fp/hard/libm.a
LOAD /Applications/STM32CubeIDE.app/Contents/Eclipse/plugins/com.st.stm32cube.ide.mcu.externaltools.gnu-tools-for-stm32.12.3.rel1.macos64_1.0.200.202406191456/tools/bin/../lib/gcc/arm-none-eabi/12.3.1/thumb/v8-m.main+fp/hard/libgcc.a

.debug_info     0x00000000    0x2459e
 .debug_info    0x00000000      0xa75 ./Core/Src/firmware.o
 .debug_info    0x00000a75     0x141f ./Core/Src/main.o
 .debug_info    0x00001e94      0x23b ./Core/Src/ssm_smart_sensor_mlc.o
 .debug_info    0x000020cf     0x13cb ./Core/Src/stm32u5xx_hal_msp.o
 .debug_info    0x0000349a      0x128 ./Core/Src/stm32u5xx_it.o
 .debug_info    0x000035c2      0x6a3 ./Core/Src/syscalls.o
 .debug_info    0x00003c65      0x168 ./Core/Src/sysmem.o
 .debug_info    0x00003dcd      0x929 ./Core/Src/system_stm32u5xx.o
 .debug_info    0x000046f6       0x30 ./Core/Startup/startup_stm32u585aiixq.o
 .debug_info    0x00004726     0x3c38 ./Drivers/BSP/Components/lsm6dsv16x/lsm6dsv16x.o
 .debug_info    0x0000835e     0xa0ba ./Drivers/BSP/Components/lsm6dsv16x/lsm6dsv16x_reg.o
 .debug_info    0x00012418     0x14a6 ./Drivers/BSP/STEVAL-MKBOXPRO/steval_mkboxpro_bus.o
 .debug_info    0x000138be     0x11fb ./Drivers/STM32U5xx_HAL_Driver/Src/stm32u5xx_hal.o
 .debug_info    0x00014ab9     0x1658 ./Drivers/STM32U5xx_HAL_Driver/Src/stm32u5xx_hal_cortex.o
 .debug_info    0x00016111      0x577 ./Drivers/STM32U5xx_HAL_Driver/Src/stm32u5xx_hal_crc.o
 .debug_info    0x00016688      0x38a ./Drivers/STM32U5xx_HAL_Driver/Src/stm32u5xx_hal_crc_ex.o
 .debug_info    0x00016a12      0x859 ./Drivers/STM32U5xx_HAL_Driver/Src/stm32u5xx_hal_gpio.o
 .debug_info    0x0001726b      0x4d6 ./Drivers/STM32U5xx_HAL_Driver/Src/stm32u5xx_hal_icache.o
 .debug_info    0x00017741      0xe3e ./Drivers/STM32U5xx_HAL_Driver/Src/stm32u5xx_hal_pwr_ex.o
 .debug_info    0x0001857f     0x11f0 ./Drivers/STM32U5xx_HAL_Driver/Src/stm32u5xx_hal_rcc.o
 .debug_info    0x0001976f     0x158b ./Drivers/STM32U5xx_HAL_Driver/Src/stm32u5xx_hal_rcc_ex.o
 .debug_info    0x0001acfa     0x1581 ./Drivers/STM32U5xx_HAL_Driver/Src/stm32u5xx_hal_spi.o
 .debug_info    0x0001c27b      0xa97 ./Drivers/STM32U5xx_HAL_Driver/Src/stm32u5xx_hal_spi_ex.o
 .debug_info    0x0001cd12     0x4029 ./Drivers/STM32U5xx_HAL_Driver/Src/stm32u5xx_hal_uart.o
 .debug_info    0x00020d3b     0x11f0 ./Drivers/STM32U5xx_HAL_Driver/Src/stm32u5xx_hal_uart_ex.o
 .debug_info    0x00021f2b     0x12e4 ./X-CUBE-MEMS1/Target/custom_motion_sensors.o
 .debug_info    0x0002320f     0x138f ./X-CUBE-MEMS1/Target/custom_motion_sensors_ex.o

.debug_abbrev   0x00000000     0x3917
 .debug_abbrev  0x00000000      0x217 ./Core/Src/firmware.o
 .debug_abbrev  0x00000217      0x28d ./Core/Src/main.o
 .debug_abbrev  0x000004a4      0x117 ./Core/Src/ssm_smart_sensor_mlc.o
 .debug_abbrev  0x000005bb      0x221 ./Core/Src/stm32u5xx_hal_msp.o
 .debug_abbrev  0x000007dc       0x73 ./Core/Src/stm32u5xx_it.o
 .debug_abbrev  0x0000084f      0x1b6 ./Core/Src/syscalls.o
 .debug_abbrev  0x00000a05       0xbc ./Core/Src/sysmem.o
 .debug_abbrev  0x00000ac1      0x129 ./Core/Src/system_stm32u5xx.o
 .debug_abbrev  0x00000bea       0x24 ./Core/Startup/startup_stm32u585aiixq.o
 .debug_abbrev  0x00000c0e      0x2ff ./Drivers/BSP/Components/lsm6dsv16x/lsm6dsv16x.o
 .debug_abbrev  0x00000f0d      0x2f0 ./Drivers/BSP/Components/lsm6dsv16x/lsm6dsv16x_reg.o
 .debug_abbrev  0x000011fd      0x2ce ./Drivers/BSP/STEVAL-MKBOXPRO/steval_mkboxpro_bus.o
 .debug_abbrev  0x000014cb      0x2ba ./Drivers/STM32U5xx_HAL_Driver/Src/stm32u5xx_hal.o
 .debug_abbrev  0x00001785      0x311 ./Drivers/STM32U5xx_HAL_Driver/Src/stm32u5xx_hal_cortex.o
 .debug_abbrev  0x00001a96      0x224 ./Drivers/STM32U5xx_HAL_Driver/Src/stm32u5xx_hal_crc.o
 .debug_abbrev  0x00001cba      0x187 ./Drivers/STM32U5xx_HAL_Driver/Src/stm32u5xx_hal_crc_ex.o
 .debug_abbrev  0x00001e41      0x25a ./Drivers/STM32U5xx_HAL_Driver/Src/stm32u5xx_hal_gpio.o
 .debug_abbrev  0x0000209b      0x228 ./Drivers/STM32U5xx_HAL_Driver/Src/stm32u5xx_hal_icache.o
 .debug_abbrev  0x000022c3      0x215 ./Drivers/STM32U5xx_HAL_Driver/Src/stm32u5xx_hal_pwr_ex.o
 .debug_abbrev  0x000024d8      0x2cb ./Drivers/STM32U5xx_HAL_Driver/Src/stm32u5xx_hal_rcc.o
 .debug_abbrev  0x000027a3      0x23d ./Drivers/STM32U5xx_HAL_Driver/Src/stm32u5xx_hal_rcc_ex.o
 .debug_abbrev  0x000029e0      0x2b3 ./Drivers/STM32U5xx_HAL_Driver/Src/stm32u5xx_hal_spi.o
 .debug_abbrev  0x00002c93      0x1c7 ./Drivers/STM32U5xx_HAL_Driver/Src/stm32u5xx_hal_spi_ex.o
 .debug_abbrev  0x00002e5a      0x305 ./Drivers/STM32U5xx_HAL_Driver/Src/stm32u5xx_hal_uart.o
 .debug_abbrev  0x0000315f      0x2d4 ./Drivers/STM32U5xx_HAL_Driver/Src/stm32u5xx_hal_uart_ex.o
 .debug_abbrev  0x00003433      0x2ca ./X-CUBE-MEMS1/Target/custom_motion_sensors.o
 .debug_abbrev  0x000036fd      0x21a ./X-CUBE-MEMS1/Target/custom_motion_sensors_ex.o

.debug_aranges  0x00000000     0x1f08
 .debug_aranges
                0x00000000       0x38 ./Core/Src/firmware.o
 .debug_aranges
                0x00000038       0x50 ./Core/Src/main.o
 .debug_aranges
                0x00000088       0x30 ./Core/Src/ssm_smart_sensor_mlc.o
 .debug_aranges
                0x000000b8       0x40 ./Core/Src/stm32u5xx_hal_msp.o
 .debug_aranges
                0x000000f8       0x60 ./Core/Src/stm32u5xx_it.o
 .debug_aranges
                0x00000158       0xa8 ./Core/Src/syscalls.o
 .debug_aranges
                0x00000200       0x20 ./Core/Src/sysmem.o
 .debug_aranges
                0x00000220       0x28 ./Core/Src/system_stm32u5xx.o
 .debug_aranges
                0x00000248       0x28 ./Core/Startup/startup_stm32u585aiixq.o
 .debug_aranges
                0x00000270      0x308 ./Drivers/BSP/Components/lsm6dsv16x/lsm6dsv16x.o
 .debug_aranges
                0x00000578      0x998 ./Drivers/BSP/Components/lsm6dsv16x/lsm6dsv16x_reg.o
 .debug_aranges
                0x00000f10       0x60 ./Drivers/BSP/STEVAL-MKBOXPRO/steval_mkboxpro_bus.o
 .debug_aranges
                0x00000f70      0x148 ./Drivers/STM32U5xx_HAL_Driver/Src/stm32u5xx_hal.o
 .debug_aranges
                0x000010b8      0x140 ./Drivers/STM32U5xx_HAL_Driver/Src/stm32u5xx_hal_cortex.o
 .debug_aranges
                0x000011f8       0x60 ./Drivers/STM32U5xx_HAL_Driver/Src/stm32u5xx_hal_crc.o
 .debug_aranges
                0x00001258       0x30 ./Drivers/STM32U5xx_HAL_Driver/Src/stm32u5xx_hal_crc_ex.o
 .debug_aranges
                0x00001288       0x78 ./Drivers/STM32U5xx_HAL_Driver/Src/stm32u5xx_hal_gpio.o
 .debug_aranges
                0x00001300       0xa8 ./Drivers/STM32U5xx_HAL_Driver/Src/stm32u5xx_hal_icache.o
 .debug_aranges
                0x000013a8      0x200 ./Drivers/STM32U5xx_HAL_Driver/Src/stm32u5xx_hal_pwr_ex.o
 .debug_aranges
                0x000015a8       0xa8 ./Drivers/STM32U5xx_HAL_Driver/Src/stm32u5xx_hal_rcc.o
 .debug_aranges
                0x00001650      0x160 ./Drivers/STM32U5xx_HAL_Driver/Src/stm32u5xx_hal_rcc_ex.o
 .debug_aranges
                0x000017b0      0x1a8 ./Drivers/STM32U5xx_HAL_Driver/Src/stm32u5xx_hal_spi.o
 .debug_aranges
                0x00001958       0x48 ./Drivers/STM32U5xx_HAL_Driver/Src/stm32u5xx_hal_spi_ex.o
 .debug_aranges
                0x000019a0      0x248 ./Drivers/STM32U5xx_HAL_Driver/Src/stm32u5xx_hal_uart.o
 .debug_aranges
                0x00001be8       0xb8 ./Drivers/STM32U5xx_HAL_Driver/Src/stm32u5xx_hal_uart_ex.o
 .debug_aranges
                0x00001ca0       0xa8 ./X-CUBE-MEMS1/Target/custom_motion_sensors.o
 .debug_aranges
                0x00001d48      0x1c0 ./X-CUBE-MEMS1/Target/custom_motion_sensors_ex.o

.debug_rnglists
                0x00000000     0x17d4
 .debug_rnglists
                0x00000000       0x25 ./Core/Src/firmware.o
 .debug_rnglists
                0x00000025       0x3a ./Core/Src/main.o
 .debug_rnglists
                0x0000005f       0x1f ./Core/Src/ssm_smart_sensor_mlc.o
 .debug_rnglists
                0x0000007e       0x2c ./Core/Src/stm32u5xx_hal_msp.o
 .debug_rnglists
                0x000000aa       0x43 ./Core/Src/stm32u5xx_it.o
 .debug_rnglists
                0x000000ed       0x79 ./Core/Src/syscalls.o
 .debug_rnglists
                0x00000166       0x13 ./Core/Src/sysmem.o
 .debug_rnglists
                0x00000179       0x1a ./Core/Src/system_stm32u5xx.o
 .debug_rnglists
                0x00000193       0x19 ./Core/Startup/startup_stm32u585aiixq.o
 .debug_rnglists
                0x000001ac      0x269 ./Drivers/BSP/Components/lsm6dsv16x/lsm6dsv16x.o
 .debug_rnglists
                0x00000415      0x774 ./Drivers/BSP/Components/lsm6dsv16x/lsm6dsv16x_reg.o
 .debug_rnglists
                0x00000b89       0x45 ./Drivers/BSP/STEVAL-MKBOXPRO/steval_mkboxpro_bus.o
 .debug_rnglists
                0x00000bce       0xf3 ./Drivers/STM32U5xx_HAL_Driver/Src/stm32u5xx_hal.o
 .debug_rnglists
                0x00000cc1       0xec ./Drivers/STM32U5xx_HAL_Driver/Src/stm32u5xx_hal_cortex.o
 .debug_rnglists
                0x00000dad       0x47 ./Drivers/STM32U5xx_HAL_Driver/Src/stm32u5xx_hal_crc.o
 .debug_rnglists
                0x00000df4       0x20 ./Drivers/STM32U5xx_HAL_Driver/Src/stm32u5xx_hal_crc_ex.o
 .debug_rnglists
                0x00000e14       0x5a ./Drivers/STM32U5xx_HAL_Driver/Src/stm32u5xx_hal_gpio.o
 .debug_rnglists
                0x00000e6e       0x7a ./Drivers/STM32U5xx_HAL_Driver/Src/stm32u5xx_hal_icache.o
 .debug_rnglists
                0x00000ee8      0x186 ./Drivers/STM32U5xx_HAL_Driver/Src/stm32u5xx_hal_pwr_ex.o
 .debug_rnglists
                0x0000106e       0x7f ./Drivers/STM32U5xx_HAL_Driver/Src/stm32u5xx_hal_rcc.o
 .debug_rnglists
                0x000010ed      0x113 ./Drivers/STM32U5xx_HAL_Driver/Src/stm32u5xx_hal_rcc_ex.o
 .debug_rnglists
                0x00001200      0x148 ./Drivers/STM32U5xx_HAL_Driver/Src/stm32u5xx_hal_spi.o
 .debug_rnglists
                0x00001348       0x35 ./Drivers/STM32U5xx_HAL_Driver/Src/stm32u5xx_hal_spi_ex.o
 .debug_rnglists
                0x0000137d      0x1fb ./Drivers/STM32U5xx_HAL_Driver/Src/stm32u5xx_hal_uart.o
 .debug_rnglists
                0x00001578       0x8c ./Drivers/STM32U5xx_HAL_Driver/Src/stm32u5xx_hal_uart_ex.o